#
# A fatal error has been detected by the Java Runtime Environment:
#
#  EXCEPTION_ACCESS_VIOLATION (0xc0000005) at pc=0x00007ff87b55a8da, pid=106176, tid=42080
#
# JRE version: OpenJDK Runtime Environment (21.0.9) (build 21.0.9+-14649483-b1163.86)
# Java VM: OpenJDK 64-Bit Server VM (21.0.9+-14649483-b1163.86, mixed mode, tiered, compressed oops, compressed class ptrs, parallel gc, windows-amd64)
# Problematic frame:
# V  [jvm.dll+0x69a8da]
#
# No core dump will be written. Minidumps are not enabled by default on client versions of Windows
#
# If you would like to submit a bug report, please visit:
#   https://youtrack.jetbrains.com/issues/JBR
#

---------------  S U M M A R Y ------------

Command Line: --add-opens=java.base/java.lang=ALL-UNNAMED --add-opens=java.base/java.lang.invoke=ALL-UNNAMED --add-opens=java.base/java.util=ALL-UNNAMED --add-opens=java.prefs/java.util.prefs=ALL-UNNAMED --add-exports=jdk.compiler/com.sun.tools.javac.api=ALL-UNNAMED --add-exports=jdk.compiler/com.sun.tools.javac.util=ALL-UNNAMED --add-opens=java.base/java.util=ALL-UNNAMED --add-opens=java.prefs/java.util.prefs=ALL-UNNAMED --add-opens=java.base/java.nio.charset=ALL-UNNAMED --add-opens=java.base/java.net=ALL-UNNAMED --add-opens=java.base/java.util.concurrent=ALL-UNNAMED --add-opens=java.base/java.util.concurrent.atomic=ALL-UNNAMED --add-opens=java.xml/javax.xml.namespace=ALL-UNNAMED --add-opens=java.base/java.time=ALL-UNNAMED -XX:+UseParallelGC -Xmx2048M -Dfile.encoding=UTF-8 -Duser.country=NZ -Duser.language=en -Duser.variant -javaagent:C:\Users\mentalinc.AD\.gradle\wrapper\dists\gradle-9.2.1-bin\2t0n5ozlw9xmuyvbp7dnzaxug\gradle-9.2.1\lib\agents\gradle-instrumentation-agent-9.2.1.jar org.gradle.launcher.daemon.bootstrap.GradleDaemon 9.2.1

Host: AMD Ryzen 9 5900X 12-Core Processor            , 24 cores, 63G,  Windows 11 , 64 bit Build 26100 (10.0.26100.7920)
Time: Mon Mar  2 21:28:29 2026 New Zealand Daylight Time elapsed time: 3.465880 seconds (0d 0h 0m 3s)

---------------  T H R E A D  ---------------

Current thread (0x000001e2f8227ce0):  JavaThread "C1 CompilerThread1" daemon [_thread_in_vm, id=42080, stack(0x000000bfcf400000,0x000000bfcf500000) (1024K)]


Current CompileTask:
C1:3466 6658   !   3       org.gradle.api.internal.changedetection.state.GradleUserHomeScopeFileTimeStampInspector::timestampCanBeUsedToDetectFileChange (94 bytes)

Stack: [0x000000bfcf400000,0x000000bfcf500000],  sp=0x000000bfcf4fdf70,  free space=1015k
Native frames: (J=compiled Java code, j=interpreted, Vv=VM code, C=native code)
V  [jvm.dll+0x69a8da]
V  [jvm.dll+0x71f873]
V  [jvm.dll+0x1e81dc]
V  [jvm.dll+0x1e7f90]
V  [jvm.dll+0x1eb51c]
V  [jvm.dll+0x1e7df1]
V  [jvm.dll+0x1e7cd9]
V  [jvm.dll+0x203825]
V  [jvm.dll+0x15615a]
V  [jvm.dll+0x15daa1]
V  [jvm.dll+0x15bdb4]
V  [jvm.dll+0x1558c0]
V  [jvm.dll+0x165ce6]
V  [jvm.dll+0x150d70]
V  [jvm.dll+0x1510a1]
V  [jvm.dll+0x151341]
V  [jvm.dll+0x1506cf]
V  [jvm.dll+0x152491]
V  [jvm.dll+0x2581ae]
V  [jvm.dll+0x2566f6]
V  [jvm.dll+0x3f48a6]
V  [jvm.dll+0x80f118]
V  [jvm.dll+0x6d54ed]
C  [ucrtbase.dll+0x37b0]
C  [KERNEL32.DLL+0x2e8d7]
C  [ntdll.dll+0x8c48c]


siginfo: EXCEPTION_ACCESS_VIOLATION (0xc0000005), reading address 0xffffffffffffffff


Registers:
RAX=0x000001e2dc6261c0, RBX=0x0000000100041368, RCX=0x6361000dddd70001, RDX=0x000001e2dc6261c0
RSP=0x000000bfcf4fdf70, RBP=0x000000bfcf4ff010, RSI=0x6361000dddd70001, RDI=0x000001e2dc6261c0
R8 =0x000001e2fe466001, R9 =0x000001e2fefe7700, R10=0x0000000000000004, R11=0x000000bfcf4fdfa0
R12=0x0000000000000020, R13=0x00000000000000b4, R14=0x000000bfcf4fe0b0, R15=0x000000bfcf4fe138
RIP=0x00007ff87b55a8da, EFLAGS=0x0000000000010202

XMM[0]=0x0000000000000000 0x0000000000000000
XMM[1]=0x0000000000000000 0x000001e282202501
XMM[2]=0x000001e2822003a8 0x0000000200000000
XMM[3]=0x0000000000000000 0x0000000000000000
XMM[4]=0x0000000000000000 0x0000000000000000
XMM[5]=0x0000000000000000 0x8fffffffcfffffff
XMM[6]=0x0000000000000000 0x0000000000000000
XMM[7]=0x0000000000000000 0x0000000000000000
XMM[8]=0x0000000000000000 0x0000000000000000
XMM[9]=0x0000000000000000 0x0000000000000000
XMM[10]=0x0000000000000000 0x0000000000000000
XMM[11]=0x0000000000000000 0x0000000000000000
XMM[12]=0x0000000000000000 0x0000000000000000
XMM[13]=0x0000000000000000 0x0000000000000000
XMM[14]=0x0000000000000000 0x0000000000000000
XMM[15]=0x0000000000000000 0x0000000000000000
  MXCSR=0x00001fa0


Register to memory mapping:

RAX=0x000001e2dc6261c0 points into unknown readable memory: 0x000001e2f81b3570 | 70 35 1b f8 e2 01 00 00
RBX=0x0000000100041368 is a pointer to class: 
java.lang.Object {0x0000000100041370}
 - instance size:     2
 - klass size:        71
 - access:            public synchronized 
 - flags:             rewritten has_vanilla_constructor has_final_method has_resolved_methods 
 - state:             fully_initialized
 - name:              'java/lang/Object'
 - super:             null
 - sub:               'org/gradle/api/internal/artifacts/repositories/descriptor/RepositoryDescriptor'   'org/gradle/api/artifacts/repositories/MavenArtifactRepository$MetadataSources'   'org/gradle/api/internal/artifacts/repositories/metadata/MetadataArtifactProvider'   'org/gradle/api/internal/artifacts/ivyservice/ivyresolve/ConfiguredModuleComponentRepository'   (9045 more klasses...)
 - arrays:            'java/lang/Object'[]
 - methods:           Array<T>(0x000001e2f3000578)
 - method ordering:   Array<T>(0x000001e2f3000018)
 - local interfaces:  Array<T>(0x000001e2f3000058)
 - trans. interfaces: Array<T>(0x000001e2f3000058)
 - secondary supers: Array<T>(0x000001e2f3000048)
 - hash_slot:         6
 - bitmap:            0x0000000000000000
 - constants:         constant pool [124] {0x000001e2f30000f8} for 'java/lang/Object' cache=0x000001e2f3154708
 - class loader data:  loader data: 0x000001e2dc62d620 of 'bootstrap'
 - inner classes:     Array<T>(0x000001e2f3000028)
 - nest members:     Array<T>(0x000001e2f3000028)
 - permitted subclasses:     Array<T>(0x000001e2f3000028)
 - java mirror:       a 'java/lang/Class'{0x000000008003ceb0} = 'java/lang/Object'
 - vtable length      5  (start addr: 0x0000000100041568)
 - itable length      2 (start addr: 0x0000000100041590)
 - ---- static fields (0 words):
 - ---- non-static fields (0 words):
 - non-static oop maps: 
RCX=0x6361000dddd70001 is an unknown value
RDX=0x000001e2dc6261c0 points into unknown readable memory: 0x000001e2f81b3570 | 70 35 1b f8 e2 01 00 00
RSP=0x000000bfcf4fdf70 is pointing into the stack for thread: 0x000001e2f8227ce0
RBP=0x000000bfcf4ff010 is pointing into the stack for thread: 0x000001e2f8227ce0
RSI=0x6361000dddd70001 is an unknown value
RDI=0x000001e2dc6261c0 points into unknown readable memory: 0x000001e2f81b3570 | 70 35 1b f8 e2 01 00 00
R8 =0x000001e2fe466001 points into unknown readable memory: bd 8a 80 e2 01 00 00
R9 =0x000001e2fefe7700 points into unknown readable memory: 0x000001e2f82467f0 | f0 67 24 f8 e2 01 00 00
R10=0x0000000000000004 is an unknown value
R11=0x000000bfcf4fdfa0 is pointing into the stack for thread: 0x000001e2f8227ce0
R12=0x0000000000000020 is an unknown value
R13=0x00000000000000b4 is an unknown value
R14=0x000000bfcf4fe0b0 is pointing into the stack for thread: 0x000001e2f8227ce0
R15=0x000000bfcf4fe138 is pointing into the stack for thread: 0x000001e2f8227ce0

Top of Stack: (sp=0x000000bfcf4fdf70)
0x000000bfcf4fdf70:   000001e282202400 000001e282202488
0x000000bfcf4fdf80:   0000000000000000 0000000000000000
0x000000bfcf4fdf90:   000001e2dc6261c0 00007ff87b5df873
0x000000bfcf4fdfa0:   0000000100041368 6361000dddd70001
0x000000bfcf4fdfb0:   0000000000000001 0000000000000020
0x000000bfcf4fdfc0:   000001e2fefe8090 00007ff87b0a81dc
0x000000bfcf4fdfd0:   0000000100041368 000001e2f8238c88
0x000000bfcf4fdfe0:   000001e2f8238c88 000001e2f822bd90
0x000000bfcf4fdff0:   0000000000000001 00007ff87aec0000
0x000000bfcf4fe000:   0000000000000034 000000bfcf4ff010
0x000000bfcf4fe010:   000000bfcf4fe138 00007ff87b0a7f90
0x000000bfcf4fe020:   0000000000000019 000001e2f81d8110
0x000000bfcf4fe030:   000000bfcf4fe0b0 00007ff87b610bd9
0x000000bfcf4fe040:   000001e2fefe8090 000001e280e2ddf0
0x000000bfcf4fe050:   000001e2dc3cf2f8 000001e2fefe8090
0x000000bfcf4fe060:   000001e2dc3c82d8 00007ff87b0ab51c
0x000000bfcf4fe070:   000001e2fefee1d8 000000bfcf4fe0f0
0x000000bfcf4fe080:   0000000000000019 000001e2f8227ce0
0x000000bfcf4fe090:   000001e2fefe8090 000001e280dd8dd8
0x000000bfcf4fe0a0:   000001e2fefeb100 0000000000000000
0x000000bfcf4fe0b0:   000001e2f45c5108 000001e2f8227ce0
0x000000bfcf4fe0c0:   000000bfcf4fe240 00007ff87affc364
0x000000bfcf4fe0d0:   0000000000000057 000000bfcf4fe120
0x000000bfcf4fe0e0:   000000bfcf4fe159 000001e280dd9cc0
0x000000bfcf4fe0f0:   00000000000000b4 000000bfcf4ff010
0x000000bfcf4fe100:   0000000000000000 0000000000000020
0x000000bfcf4fe110:   0000000000000003 000001e2fefed5d8
0x000000bfcf4fe120:   000001e2fefe8090 00007ff87b0a7df1
0x000000bfcf4fe130:   000001e282202501 000001e2f45c5108
0x000000bfcf4fe140:   000001e200000003 0000000000000000
0x000000bfcf4fe150:   0000000000000034 000000bfcf4ff010
0x000000bfcf4fe160:   00000000000000b4 00007ff87b0a7cd9 

Instructions: (pc=0x00007ff87b55a8da)
0x00007ff87b55a7da:   5b e9 e0 fe ff ff 48 89 6c 24 20 48 89 54 24 10
0x00007ff87b55a7ea:   57 48 83 ec 20 48 83 79 10 00 48 8b ea 48 8b f9
0x00007ff87b55a7fa:   0f 84 b9 00 00 00 48 89 5c 24 30 48 8b 1d 94 ae
0x00007ff87b55a80a:   51 00 48 85 db 74 08 48 8b cb e8 67 b8 00 00 48
0x00007ff87b55a81a:   85 ed 75 09 c6 47 3c 01 e9 80 00 00 00 48 83 7f
0x00007ff87b55a82a:   20 00 75 5f b2 14 48 89 74 24 40 b9 18 00 00 00
0x00007ff87b55a83a:   e8 61 05 a2 ff 48 8b f0 48 85 c0 74 3b ba 08 00
0x00007ff87b55a84a:   00 00 41 b0 14 8d 4a 5d e8 d9 72 d0 ff 33 d2 c7
0x00007ff87b55a85a:   06 00 00 00 00 41 b8 28 03 00 00 c7 46 04 65 00
0x00007ff87b55a86a:   00 00 48 8b c8 48 89 46 08 e8 8a d7 1f 00 48 c7
0x00007ff87b55a87a:   46 10 29 00 00 00 eb 02 33 f6 48 89 77 20 48 8b
0x00007ff87b55a88a:   74 24 40 48 8b 55 18 48 8b cf e8 e7 09 00 00 48
0x00007ff87b55a89a:   8b 4f 20 48 8d 54 24 38 e8 79 74 b8 ff 48 85 db
0x00007ff87b55a8aa:   74 08 48 8b cb e8 ec b9 00 00 48 8b 5c 24 30 48
0x00007ff87b55a8ba:   8b 6c 24 48 48 83 c4 20 5f c3 cc cc cc cc cc cc
0x00007ff87b55a8ca:   cc cc cc cc cc cc 48 89 74 24 10 57 48 83 ec 20
0x00007ff87b55a8da:   48 83 79 10 00 48 8b fa 48 8b f1 0f 84 9c 00 00
0x00007ff87b55a8ea:   00 48 3b 15 ae ab 51 00 0f 84 8f 00 00 00 48 89
0x00007ff87b55a8fa:   5c 24 30 48 8b 1d 9c ad 51 00 48 85 db 74 08 48
0x00007ff87b55a90a:   8b cb e8 6f b7 00 00 80 7e 3d 00 74 22 48 83 7f
0x00007ff87b55a91a:   10 00 75 1b 48 8b 4f 18 48 3b 0d 57 9f 4f 00 74
0x00007ff87b55a92a:   09 e8 d0 7f b8 ff 84 c0 74 05 40 b7 01 eb 2d 48
0x00007ff87b55a93a:   8b 46 20 48 85 c0 74 21 48 63 08 85 c9 7e 1a 48
0x00007ff87b55a94a:   8b 40 08 48 8b d1 33 c9 48 39 38 74 dd 48 ff c1
0x00007ff87b55a95a:   48 83 c0 08 48 3b ca 7c ef 40 32 ff 48 85 db 74
0x00007ff87b55a96a:   08 48 8b cb e8 2d b9 00 00 48 8b 5c 24 30 40 0f
0x00007ff87b55a97a:   b6 c7 48 8b 74 24 38 48 83 c4 20 5f c3 48 8b 74
0x00007ff87b55a98a:   24 38 b0 01 48 83 c4 20 5f c3 cc cc cc cc cc cc
0x00007ff87b55a99a:   cc cc cc cc cc cc 48 8b d1 33 c9 e9 46 06 00 00
0x00007ff87b55a9aa:   cc cc cc cc cc cc 48 89 5c 24 10 48 89 6c 24 18
0x00007ff87b55a9ba:   48 89 74 24 20 57 41 54 41 55 41 56 41 57 48 83
0x00007ff87b55a9ca:   ec 30 48 8b f1 33 db 48 8b 49 08 48 85 c9 75 04 


Stack slot to memory mapping:

stack at sp + 0 slots: 0x000001e282202400 points into unknown readable memory: 0x000001e280dd5d80 | 80 5d dd 80 e2 01 00 00
stack at sp + 1 slots: 0x000001e282202488 points into unknown readable memory: 0x000001e280dd5d80 | 80 5d dd 80 e2 01 00 00
stack at sp + 2 slots: 0x0 is null
stack at sp + 3 slots: 0x0 is null
stack at sp + 4 slots: 0x000001e2dc6261c0 points into unknown readable memory: 0x000001e2f81b3570 | 70 35 1b f8 e2 01 00 00
stack at sp + 5 slots: 0x00007ff87b5df873 jvm.dll
stack at sp + 6 slots: 0x0000000100041368 is a pointer to class: 
java.lang.Object {0x0000000100041370}
 - instance size:     2
 - klass size:        71
 - access:            public synchronized 
 - flags:             rewritten has_vanilla_constructor has_final_method has_resolved_methods 
 - state:             fully_initialized
 - name:              'java/lang/Object'
 - super:             null
 - sub:               'org/gradle/internal/resource/transfer/CacheAwareExternalResourceAccessor$ResourceFileStore'   'org/gradle/internal/resource/ExternalResource$ContentAndMetadataAction'   'org/gradle/internal/resource/transfer/DefaultCacheAwareExternalResourceAccessor'   'org/gradle/internal/resource/transfer/DefaultExternalResourceRepository'   (9182 more klasses...)
 - arrays:            'java/lang/Object'[]
 - methods:           Array<T>(0x000001e2f3000578)
 - method ordering:   Array<T>(0x000001e2f3000018)
 - local interfaces:  Array<T>(0x000001e2f3000058)
 - trans. interfaces: Array<T>(0x000001e2f3000058)
 - secondary supers: Array<T>(0x000001e2f3000048)
 - hash_slot:         6
 - bitmap:            0x0000000000000000
 - constants:         constant pool [124] {0x000001e2f30000f8} for 'java/lang/Object' cache=0x000001e2f3154708
 - class loader data:  loader data: 0x000001e2dc62d620 of 'bootstrap'
 - inner classes:     Array<T>(0x000001e2f3000028)
 - nest members:     Array<T>(0x000001e2f3000028)
 - permitted subclasses:     Array<T>(0x000001e2f3000028)
 - java mirror:       a 'java/lang/Class'{0x000000008003ceb0} = 'java/lang/Object'
 - vtable length      5  (start addr: 0x0000000100041568)
 - itable length      2 (start addr: 0x0000000100041590)
 - ---- static fields (0 words):
 - ---- non-static fields (0 words):
 - non-static oop maps: 
stack at sp + 7 slots: 0x6361000dddd70001 is an unknown value


---------------  P R O C E S S  ---------------

Threads class SMR info:
_java_thread_list=0x000001e2fe334bf0, length=88, elements={
0x000001e2da0f70f0, 0x000001e2f81bb830, 0x000001e2f81becb0, 0x000001e2f81bc4f0,
0x000001e2f81e6300, 0x000001e2f81e6d60, 0x000001e2f81d9cd0, 0x000001e2f81db2a0,
0x000001e2f81dcbd0, 0x000001e2f8226870, 0x000001e2f8227ce0, 0x000001e2f8224660,
0x000001e2faf4a940, 0x000001e2f8226f40, 0x000001e2f8225ad0, 0x000001e2f82261a0,
0x000001e2fcda4c00, 0x000001e2fbe2db10, 0x000001e2fbed6b00, 0x000001e2fc09cef0,
0x000001e2fc2cd030, 0x000001e2fd9a9980, 0x000001e2fd9a6b90, 0x000001e2fd9a6500,
0x000001e2fd9a78b0, 0x000001e2fd9a92f0, 0x000001e2fd9a85d0, 0x000001e2fd9a7220,
0x000001e2fd9a8c60, 0x000001e2fe967420, 0x000001e2fe966070, 0x000001e2fe967ab0,
0x000001e2fe966700, 0x000001e2fe968140, 0x000001e2fe968e60, 0x000001e2fe9694f0,
0x000001e2fe969b80, 0x000001e2fe96a210, 0x000001e2fe966d90, 0x000001e2fe96a8a0,
0x000001e2fe96af30, 0x000001e2fe96bc50, 0x000001e2fe96b5c0, 0x000001e2fe96c2e0,
0x000001e2fe96c970, 0x000001e2ff951950, 0x000001e2ff9512c0, 0x000001e2ff94ff10,
0x000001e2ff9505a0, 0x000001e2ff94f880, 0x000001e2ff94f1f0, 0x000001e2ff950c30,
0x000001e2ff951fe0, 0x000001e2ff94eb60, 0x000001e2ff952670, 0x000001e2ff956180,
0x000001e2ff953a20, 0x000001e2ff954dd0, 0x000001e2ff952d00, 0x000001e2ff955af0,
0x000001e2ff954740, 0x000001e2ff9540b0, 0x000001e2ff955460, 0x000001e280f7bd10,
0x000001e280f7e470, 0x000001e280f7c3a0, 0x000001e280f7ca30, 0x000001e280f7d0c0,
0x000001e280f7eb00, 0x000001e280f7d750, 0x000001e280f7dde0, 0x000001e280f7b680,
0x000001e280f81260, 0x000001e280f7feb0, 0x000001e280f818f0, 0x000001e280f80540,
0x000001e280f80bd0, 0x000001e280f81f80, 0x000001e280f82610, 0x000001e280f7f190,
0x000001e280f82ca0, 0x000001e280f7f820, 0x000001e28173f500, 0x000001e28173e150,
0x000001e28173e7e0, 0x000001e28173ee70, 0x000001e28173d430, 0x000001e28173cda0
}

Java Threads: ( => current thread )
  0x000001e2da0f70f0 JavaThread "main"                              [_thread_blocked, id=75820, stack(0x000000bfce700000,0x000000bfce800000) (1024K)]
  0x000001e2f81bb830 JavaThread "Common-Cleaner"             daemon [_thread_blocked, id=112584, stack(0x000000bfceb00000,0x000000bfcec00000) (1024K)]
  0x000001e2f81becb0 JavaThread "Reference Handler"          daemon [_thread_blocked, id=82136, stack(0x000000bfcec00000,0x000000bfced00000) (1024K)]
  0x000001e2f81bc4f0 JavaThread "Finalizer"                  daemon [_thread_blocked, id=103696, stack(0x000000bfced00000,0x000000bfcee00000) (1024K)]
  0x000001e2f81e6300 JavaThread "Signal Dispatcher"          daemon [_thread_blocked, id=73508, stack(0x000000bfcee00000,0x000000bfcef00000) (1024K)]
  0x000001e2f81e6d60 JavaThread "Attach Listener"            daemon [_thread_blocked, id=77148, stack(0x000000bfcef00000,0x000000bfcf000000) (1024K)]
  0x000001e2f81d9cd0 JavaThread "Service Thread"             daemon [_thread_blocked, id=87408, stack(0x000000bfcf000000,0x000000bfcf100000) (1024K)]
  0x000001e2f81db2a0 JavaThread "Monitor Deflation Thread"   daemon [_thread_blocked, id=104596, stack(0x000000bfcf100000,0x000000bfcf200000) (1024K)]
  0x000001e2f81dcbd0 JavaThread "C2 CompilerThread0"         daemon [_thread_in_native, id=5224, stack(0x000000bfcf200000,0x000000bfcf300000) (1024K)]
  0x000001e2f8226870 JavaThread "C1 CompilerThread0"         daemon [_thread_blocked, id=74892, stack(0x000000bfcf300000,0x000000bfcf400000) (1024K)]
=>0x000001e2f8227ce0 JavaThread "C1 CompilerThread1"         daemon [_thread_in_vm, id=42080, stack(0x000000bfcf400000,0x000000bfcf500000) (1024K)]
  0x000001e2f8224660 JavaThread "C1 CompilerThread2"         daemon [_thread_blocked, id=44084, stack(0x000000bfcf500000,0x000000bfcf600000) (1024K)]
  0x000001e2faf4a940 JavaThread "Notification Thread"        daemon [_thread_blocked, id=114016, stack(0x000000bfcf600000,0x000000bfcf700000) (1024K)]
  0x000001e2f8226f40 JavaThread "C2 CompilerThread1"         daemon [_thread_blocked, id=81552, stack(0x000000bfcf700000,0x000000bfcf800000) (1024K)]
  0x000001e2f8225ad0 JavaThread "C2 CompilerThread2"         daemon [_thread_blocked, id=86908, stack(0x000000bfcf800000,0x000000bfcf900000) (1024K)]
  0x000001e2f82261a0 JavaThread "C1 CompilerThread3"         daemon [_thread_blocked, id=12224, stack(0x000000bfcfa00000,0x000000bfcfb00000) (1024K)]
  0x000001e2fcda4c00 JavaThread "Daemon health stats"               [_thread_blocked, id=93168, stack(0x000000bfcfb00000,0x000000bfcfc00000) (1024K)]
  0x000001e2fbe2db10 JavaThread "Incoming local TCP Connector on port 59053"        [_thread_in_native, id=57352, stack(0x000000bfcfc00000,0x000000bfcfd00000) (1024K)]
  0x000001e2fbed6b00 JavaThread "Daemon periodic checks"            [_thread_blocked, id=66376, stack(0x000000bfcfd00000,0x000000bfcfe00000) (1024K)]
  0x000001e2fc09cef0 JavaThread "Daemon"                            [_thread_blocked, id=111136, stack(0x000000bfcfe00000,0x000000bfcff00000) (1024K)]
  0x000001e2fc2cd030 JavaThread "Handler for socket connection from /127.0.0.1:59053 to /127.0.0.1:59054"        [_thread_in_native, id=62600, stack(0x000000bfcff00000,0x000000bfd0000000) (1024K)]
  0x000001e2fd9a9980 JavaThread "Cancel handler"                    [_thread_blocked, id=96020, stack(0x000000bfd1100000,0x000000bfd1200000) (1024K)]
  0x000001e2fd9a6b90 JavaThread "Daemon worker"                     [_thread_in_vm, id=105736, stack(0x000000bfd1200000,0x000000bfd1300000) (1024K)]
  0x000001e2fd9a6500 JavaThread "Asynchronous log dispatcher for DefaultDaemonConnection: socket connection from /127.0.0.1:59053 to /127.0.0.1:59054"        [_thread_blocked, id=114012, stack(0x000000bfd1300000,0x000000bfd1400000) (1024K)]
  0x000001e2fd9a78b0 JavaThread "Stdin handler"                     [_thread_blocked, id=113228, stack(0x000000bfd1400000,0x000000bfd1500000) (1024K)]
  0x000001e2fd9a92f0 JavaThread "Daemon client event forwarder"        [_thread_blocked, id=112328, stack(0x000000bfd1500000,0x000000bfd1600000) (1024K)]
  0x000001e2fd9a85d0 JavaThread "Cache worker for journal cache (C:\Users\mentalinc.AD\.gradle\caches\journal-1)"        [_thread_blocked, id=92624, stack(0x000000bfd1600000,0x000000bfd1700000) (1024K)]
  0x000001e2fd9a7220 JavaThread "File lock request listener"        [_thread_in_native, id=103888, stack(0x000000bfd1700000,0x000000bfd1800000) (1024K)]
  0x000001e2fd9a8c60 JavaThread "Cache worker for file hash cache (C:\Users\mentalinc.AD\.gradle\caches\9.2.1\fileHashes)"        [_thread_blocked, id=100276, stack(0x000000bfd1800000,0x000000bfd1900000) (1024K)]
  0x000001e2fe967420 JavaThread "Cache worker for file hash cache (H:\My Documents\GitHub\my-episodes-watch-manager\.gradle\9.2.1\fileHashes)"        [_thread_blocked, id=99584, stack(0x000000bfd1900000,0x000000bfd1a00000) (1024K)]
  0x000001e2fe966070 JavaThread "Cache worker for Build Output Cleanup Cache (H:\My Documents\GitHub\my-episodes-watch-manager\.gradle\buildOutputCleanup)"        [_thread_blocked, id=82740, stack(0x000000bfd1a00000,0x000000bfd1b00000) (1024K)]
  0x000001e2fe967ab0 JavaThread "File watcher server"        daemon [_thread_in_native, id=76032, stack(0x000000bfd1b00000,0x000000bfd1c00000) (1024K)]
  0x000001e2fe966700 JavaThread "File watcher consumer"      daemon [_thread_blocked, id=112068, stack(0x000000bfd1c00000,0x000000bfd1d00000) (1024K)]
  0x000001e2fe968140 JavaThread "jar transforms"                    [_thread_blocked, id=82652, stack(0x000000bfd1d00000,0x000000bfd1e00000) (1024K)]
  0x000001e2fe968e60 JavaThread "jar transforms Thread 2"           [_thread_blocked, id=11724, stack(0x000000bfd1e00000,0x000000bfd1f00000) (1024K)]
  0x000001e2fe9694f0 JavaThread "jar transforms Thread 3"           [_thread_blocked, id=102600, stack(0x000000bfd1f00000,0x000000bfd2000000) (1024K)]
  0x000001e2fe969b80 JavaThread "jar transforms Thread 4"           [_thread_blocked, id=113552, stack(0x000000bfd2000000,0x000000bfd2100000) (1024K)]
  0x000001e2fe96a210 JavaThread "jar transforms Thread 5"           [_thread_blocked, id=27824, stack(0x000000bfd2100000,0x000000bfd2200000) (1024K)]
  0x000001e2fe966d90 JavaThread "jar transforms Thread 6"           [_thread_blocked, id=100752, stack(0x000000bfd2200000,0x000000bfd2300000) (1024K)]
  0x000001e2fe96a8a0 JavaThread "jar transforms Thread 7"           [_thread_blocked, id=30800, stack(0x000000bfd2300000,0x000000bfd2400000) (1024K)]
  0x000001e2fe96af30 JavaThread "jar transforms Thread 8"           [_thread_blocked, id=87476, stack(0x000000bfd2400000,0x000000bfd2500000) (1024K)]
  0x000001e2fe96bc50 JavaThread "jar transforms Thread 9"           [_thread_blocked, id=78956, stack(0x000000bfd2500000,0x000000bfd2600000) (1024K)]
  0x000001e2fe96b5c0 JavaThread "jar transforms Thread 10"          [_thread_blocked, id=98572, stack(0x000000bfd2600000,0x000000bfd2700000) (1024K)]
  0x000001e2fe96c2e0 JavaThread "jar transforms Thread 11"          [_thread_blocked, id=102492, stack(0x000000bfd2700000,0x000000bfd2800000) (1024K)]
  0x000001e2fe96c970 JavaThread "jar transforms Thread 12"          [_thread_blocked, id=93352, stack(0x000000bfd2800000,0x000000bfd2900000) (1024K)]
  0x000001e2ff951950 JavaThread "jar transforms Thread 13"          [_thread_blocked, id=104380, stack(0x000000bfd2900000,0x000000bfd2a00000) (1024K)]
  0x000001e2ff9512c0 JavaThread "jar transforms Thread 14"          [_thread_blocked, id=83904, stack(0x000000bfd2a00000,0x000000bfd2b00000) (1024K)]
  0x000001e2ff94ff10 JavaThread "jar transforms Thread 15"          [_thread_blocked, id=61448, stack(0x000000bfd2b00000,0x000000bfd2c00000) (1024K)]
  0x000001e2ff9505a0 JavaThread "jar transforms Thread 16"          [_thread_blocked, id=109500, stack(0x000000bfd2c00000,0x000000bfd2d00000) (1024K)]
  0x000001e2ff94f880 JavaThread "jar transforms Thread 17"          [_thread_blocked, id=73332, stack(0x000000bfd2d00000,0x000000bfd2e00000) (1024K)]
  0x000001e2ff94f1f0 JavaThread "jar transforms Thread 18"          [_thread_blocked, id=111472, stack(0x000000bfd2e00000,0x000000bfd2f00000) (1024K)]
  0x000001e2ff950c30 JavaThread "jar transforms Thread 19"          [_thread_blocked, id=96396, stack(0x000000bfd2f00000,0x000000bfd3000000) (1024K)]
  0x000001e2ff951fe0 JavaThread "jar transforms Thread 20"          [_thread_blocked, id=71532, stack(0x000000bfd3000000,0x000000bfd3100000) (1024K)]
  0x000001e2ff94eb60 JavaThread "jar transforms Thread 21"          [_thread_blocked, id=26852, stack(0x000000bfd3100000,0x000000bfd3200000) (1024K)]
  0x000001e2ff952670 JavaThread "jar transforms Thread 22"          [_thread_blocked, id=30688, stack(0x000000bfd3200000,0x000000bfd3300000) (1024K)]
  0x000001e2ff956180 JavaThread "jar transforms Thread 23"          [_thread_blocked, id=84908, stack(0x000000bfd3300000,0x000000bfd3400000) (1024K)]
  0x000001e2ff953a20 JavaThread "jar transforms Thread 24"          [_thread_blocked, id=47372, stack(0x000000bfd3400000,0x000000bfd3500000) (1024K)]
  0x000001e2ff954dd0 JavaThread "Cache worker for checksums cache (H:\My Documents\GitHub\my-episodes-watch-manager\.gradle\9.2.1\checksums)"        [_thread_blocked, id=90420, stack(0x000000bfd3500000,0x000000bfd3600000) (1024K)]
  0x000001e2ff952d00 JavaThread "Cache worker for file content cache (C:\Users\mentalinc.AD\.gradle\caches\9.2.1\fileContent)"        [_thread_blocked, id=59052, stack(0x000000bfd3600000,0x000000bfd3700000) (1024K)]
  0x000001e2ff955af0 JavaThread "Cache worker for cache directory md-supplier (C:\Users\mentalinc.AD\.gradle\caches\9.2.1\md-supplier)"        [_thread_blocked, id=54900, stack(0x000000bfd3700000,0x000000bfd3800000) (1024K)]
  0x000001e2ff954740 JavaThread "Cache worker for cache directory md-rule (C:\Users\mentalinc.AD\.gradle\caches\9.2.1\md-rule)"        [_thread_blocked, id=66364, stack(0x000000bfd3800000,0x000000bfd3900000) (1024K)]
  0x000001e2ff9540b0 JavaThread "Unconstrained build operations"        [_thread_blocked, id=101784, stack(0x000000bfd3900000,0x000000bfd3a00000) (1024K)]
  0x000001e2ff955460 JavaThread "Unconstrained build operations Thread 2"        [_thread_blocked, id=44852, stack(0x000000bfd3a00000,0x000000bfd3b00000) (1024K)]
  0x000001e280f7bd10 JavaThread "Unconstrained build operations Thread 3"        [_thread_blocked, id=110728, stack(0x000000bfd3b00000,0x000000bfd3c00000) (1024K)]
  0x000001e280f7e470 JavaThread "Unconstrained build operations Thread 4"        [_thread_blocked, id=95716, stack(0x000000bfd3c00000,0x000000bfd3d00000) (1024K)]
  0x000001e280f7c3a0 JavaThread "Unconstrained build operations Thread 5"        [_thread_blocked, id=114376, stack(0x000000bfd3d00000,0x000000bfd3e00000) (1024K)]
  0x000001e280f7ca30 JavaThread "Unconstrained build operations Thread 6"        [_thread_blocked, id=105312, stack(0x000000bfd3e00000,0x000000bfd3f00000) (1024K)]
  0x000001e280f7d0c0 JavaThread "Unconstrained build operations Thread 7"        [_thread_blocked, id=113792, stack(0x000000bfd3f00000,0x000000bfd4000000) (1024K)]
  0x000001e280f7eb00 JavaThread "Unconstrained build operations Thread 8"        [_thread_blocked, id=106540, stack(0x000000bfd4000000,0x000000bfd4100000) (1024K)]
  0x000001e280f7d750 JavaThread "Unconstrained build operations Thread 9"        [_thread_blocked, id=81912, stack(0x000000bfd4100000,0x000000bfd4200000) (1024K)]
  0x000001e280f7dde0 JavaThread "Unconstrained build operations Thread 10"        [_thread_blocked, id=94220, stack(0x000000bfd4200000,0x000000bfd4300000) (1024K)]
  0x000001e280f7b680 JavaThread "Unconstrained build operations Thread 11"        [_thread_blocked, id=100672, stack(0x000000bfd4300000,0x000000bfd4400000) (1024K)]
  0x000001e280f81260 JavaThread "Unconstrained build operations Thread 12"        [_thread_blocked, id=79992, stack(0x000000bfd4400000,0x000000bfd4500000) (1024K)]
  0x000001e280f7feb0 JavaThread "Unconstrained build operations Thread 13"        [_thread_blocked, id=102864, stack(0x000000bfd4500000,0x000000bfd4600000) (1024K)]
  0x000001e280f818f0 JavaThread "Unconstrained build operations Thread 14"        [_thread_blocked, id=106068, stack(0x000000bfd4600000,0x000000bfd4700000) (1024K)]
  0x000001e280f80540 JavaThread "Unconstrained build operations Thread 15"        [_thread_blocked, id=97496, stack(0x000000bfd4700000,0x000000bfd4800000) (1024K)]
  0x000001e280f80bd0 JavaThread "Unconstrained build operations Thread 16"        [_thread_blocked, id=107488, stack(0x000000bfd4800000,0x000000bfd4900000) (1024K)]
  0x000001e280f81f80 JavaThread "Unconstrained build operations Thread 17"        [_thread_blocked, id=97588, stack(0x000000bfd4900000,0x000000bfd4a00000) (1024K)]
  0x000001e280f82610 JavaThread "Unconstrained build operations Thread 18"        [_thread_blocked, id=74116, stack(0x000000bfd4a00000,0x000000bfd4b00000) (1024K)]
  0x000001e280f7f190 JavaThread "Unconstrained build operations Thread 19"        [_thread_blocked, id=95164, stack(0x000000bfd4b00000,0x000000bfd4c00000) (1024K)]
  0x000001e280f82ca0 JavaThread "Unconstrained build operations Thread 20"        [_thread_blocked, id=60200, stack(0x000000bfd4c00000,0x000000bfd4d00000) (1024K)]
  0x000001e280f7f820 JavaThread "Unconstrained build operations Thread 21"        [_thread_blocked, id=76628, stack(0x000000bfd4d00000,0x000000bfd4e00000) (1024K)]
  0x000001e28173f500 JavaThread "Unconstrained build operations Thread 22"        [_thread_blocked, id=34416, stack(0x000000bfd4e00000,0x000000bfd4f00000) (1024K)]
  0x000001e28173e150 JavaThread "Unconstrained build operations Thread 23"        [_thread_blocked, id=102248, stack(0x000000bfd4f00000,0x000000bfd5000000) (1024K)]
  0x000001e28173e7e0 JavaThread "Unconstrained build operations Thread 24"        [_thread_blocked, id=100580, stack(0x000000bfd5000000,0x000000bfd5100000) (1024K)]
  0x000001e28173ee70 JavaThread "Unconstrained build operations Thread 25"        [_thread_blocked, id=20748, stack(0x000000bfd5100000,0x000000bfd5200000) (1024K)]
  0x000001e28173d430 JavaThread "Unconstrained build operations Thread 26"        [_thread_blocked, id=60340, stack(0x000000bfd5200000,0x000000bfd5300000) (1024K)]
  0x000001e28173cda0 JavaThread "Unconstrained build operations Thread 27"        [_thread_blocked, id=69204, stack(0x000000bfd5300000,0x000000bfd5400000) (1024K)]
Total: 88

Other Threads:
  0x000001e2f816b270 VMThread "VM Thread"                           [id=58120, stack(0x000000bfcea00000,0x000000bfceb00000) (1024K)]
  0x000001e2dc49ca00 WatcherThread "VM Periodic Task Thread"        [id=66788, stack(0x000000bfce900000,0x000000bfcea00000) (1024K)]
  0x000001e2dc621920 WorkerThread "GC Thread#0"                     [id=68116, stack(0x000000bfce800000,0x000000bfce900000) (1024K)]
  0x000001e2fc2cdc80 WorkerThread "GC Thread#1"                     [id=26084, stack(0x000000bfd0000000,0x000000bfd0100000) (1024K)]
  0x000001e2fc2ce230 WorkerThread "GC Thread#2"                     [id=100684, stack(0x000000bfd0100000,0x000000bfd0200000) (1024K)]
  0x000001e2fc0284c0 WorkerThread "GC Thread#3"                     [id=51664, stack(0x000000bfd0200000,0x000000bfd0300000) (1024K)]
  0x000001e2fc028c30 WorkerThread "GC Thread#4"                     [id=97088, stack(0x000000bfd0300000,0x000000bfd0400000) (1024K)]
  0x000001e2fdc227b0 WorkerThread "GC Thread#5"                     [id=79044, stack(0x000000bfd0400000,0x000000bfd0500000) (1024K)]
  0x000001e2fdc22b50 WorkerThread "GC Thread#6"                     [id=8600, stack(0x000000bfd0500000,0x000000bfd0600000) (1024K)]
  0x000001e2fdc22410 WorkerThread "GC Thread#7"                     [id=108128, stack(0x000000bfd0600000,0x000000bfd0700000) (1024K)]
  0x000001e2fdc239d0 WorkerThread "GC Thread#8"                     [id=31388, stack(0x000000bfd0700000,0x000000bfd0800000) (1024K)]
  0x000001e2fdc23630 WorkerThread "GC Thread#9"                     [id=96176, stack(0x000000bfd0800000,0x000000bfd0900000) (1024K)]
  0x000001e2fdc22070 WorkerThread "GC Thread#10"                    [id=72276, stack(0x000000bfd0900000,0x000000bfd0a00000) (1024K)]
  0x000001e2fdc22ef0 WorkerThread "GC Thread#11"                    [id=65340, stack(0x000000bfd0a00000,0x000000bfd0b00000) (1024K)]
  0x000001e2fdc23290 WorkerThread "GC Thread#12"                    [id=70124, stack(0x000000bfd0b00000,0x000000bfd0c00000) (1024K)]
  0x000001e2fde97990 WorkerThread "GC Thread#13"                    [id=71452, stack(0x000000bfd0c00000,0x000000bfd0d00000) (1024K)]
  0x000001e2fde98bb0 WorkerThread "GC Thread#14"                    [id=68484, stack(0x000000bfd0d00000,0x000000bfd0e00000) (1024K)]
  0x000001e2fde980d0 WorkerThread "GC Thread#15"                    [id=98380, stack(0x000000bfd0e00000,0x000000bfd0f00000) (1024K)]
  0x000001e2fde99dd0 WorkerThread "GC Thread#16"                    [id=87960, stack(0x000000bfd0f00000,0x000000bfd1000000) (1024K)]
  0x000001e2fde9a170 WorkerThread "GC Thread#17"                    [id=85340, stack(0x000000bfd1000000,0x000000bfd1100000) (1024K)]
Total: 20

Threads with active compile tasks:
C2 CompilerThread0  3547 6733   !   4       sun.reflect.annotation.AnnotationParser::parseAnnotations (37 bytes)
C1 CompilerThread1  3547 6658   !   3       org.gradle.api.internal.changedetection.state.GradleUserHomeScopeFileTimeStampInspector::timestampCanBeUsedToDetectFileChange (94 bytes)
C2 CompilerThread1  3547 6759       4       java.util.jar.Manifest::getTrustedAttributes (57 bytes)
C1 CompilerThread3  3547 6762       3       java.util.regex.Pattern::range (294 bytes)
Total: 4

VM state: not at safepoint (normal execution)

VM Mutex/Monitor currently owned by a thread: None

Heap address: 0x0000000080000000, size: 2048 MB, Compressed Oops mode: 32-bit

CDS archive(s) not mapped
Compressed class space mapped at: 0x0000000100000000-0x0000000140000000, reserved size: 1073741824
Narrow klass base: 0x0000000000000000, Narrow klass shift: 3, Narrow klass range: 0x140000000

GC Precious Log:
 CardTable entry size: 512
 CPUs: 24 total, 24 available
 Memory: 65444M
 Large Page Support: Disabled
 NUMA Support: Disabled
 Compressed Oops: Enabled (32-bit)
 Alignments: Space 512K, Generation 512K, Heap 2M
 Heap Min Capacity: 8M
 Heap Initial Capacity: 1G
 Heap Max Capacity: 2G
 Pre-touch: Disabled
 Parallel Workers: 18

Heap:
 PSYoungGen      total 305664K, used 29537K [0x00000000d5580000, 0x00000000fae80000, 0x0000000100000000)
  eden space 262144K, 11% used [0x00000000d5580000,0x00000000d7258678,0x00000000e5580000)
  from space 43520K, 0% used [0x00000000e5580000,0x00000000e5580000,0x00000000e8000000)
  to   space 45568K, 0% used [0x00000000f8200000,0x00000000f8200000,0x00000000fae80000)
 ParOldGen       total 699392K, used 58624K [0x0000000080000000, 0x00000000aab00000, 0x00000000d5580000)
  object space 699392K, 8% used [0x0000000080000000,0x00000000839403a8,0x00000000aab00000)
 Metaspace       used 59952K, committed 61632K, reserved 1114112K
  class space    used 8495K, committed 9280K, reserved 1048576K

Card table byte_map: [0x000001e2dbfb0000,0x000001e2dc3c0000] _byte_map_base: 0x000001e2dbbb0000

Marking Bits: (ParMarkBitMap*) 0x00007ff87ba7d600
 Begin Bits: [0x000001e2eea20000, 0x000001e2f0a20000)
 End Bits:   [0x000001e2f0a20000, 0x000001e2f2a20000)

Polling page: 0x000001e2da650000

Metaspace:

Usage:
  Non-class:     50.25 MB used.
      Class:      8.30 MB used.
       Both:     58.55 MB used.

Virtual space:
  Non-class space:       64.00 MB reserved,      51.12 MB ( 80%) committed,  1 nodes.
      Class space:        1.00 GB reserved,       9.06 MB ( <1%) committed,  1 nodes.
             Both:        1.06 GB reserved,      60.19 MB (  6%) committed. 

Chunk freelists:
   Non-Class:  12.70 MB
       Class:  6.95 MB
        Both:  19.66 MB

MaxMetaspaceSize: unlimited
CompressedClassSpaceSize: 1.00 GB
Initial GC threshold: 21.00 MB
Current GC threshold: 97.31 MB
CDS: off
 - commit_granule_bytes: 65536.
 - commit_granule_words: 8192.
 - virtual_space_node_default_size: 8388608.
 - enlarge_chunks_in_place: 1.
 - use_allocation_guard: 0.


Internal statistics:

num_allocs_failed_limit: 9.
num_arena_births: 3198.
num_arena_deaths: 0.
num_vsnodes_births: 2.
num_vsnodes_deaths: 0.
num_space_committed: 963.
num_space_uncommitted: 0.
num_chunks_returned_to_freelist: 9.
num_chunks_taken_from_freelist: 5735.
num_chunk_merges: 6.
num_chunk_splits: 3685.
num_chunks_enlarged: 2175.
num_inconsistent_stats: 0.

CodeHeap 'non-profiled nmethods': size=119168Kb used=3819Kb max_used=3822Kb free=115348Kb
 bounds [0x000001e2e7310000, 0x000001e2e76d0000, 0x000001e2ee770000]
CodeHeap 'profiled nmethods': size=119104Kb used=11628Kb max_used=11656Kb free=107476Kb
 bounds [0x000001e2df770000, 0x000001e2e02e0000, 0x000001e2e6bc0000]
CodeHeap 'non-nmethods': size=7488Kb used=3374Kb max_used=3415Kb free=4113Kb
 bounds [0x000001e2e6bc0000, 0x000001e2e6f20000, 0x000001e2e7310000]
CodeCache: size=245760Kb, used=18821Kb, max_used=18893Kb, free=226937Kb
 total_blobs=6831, nmethods=6084, adapters=650, full_count=0
Compilation: enabled, stopped_count=0, restarted_count=0

Compilation events (20 events):
Event: 3.438 Thread 0x000001e2f8225ad0 nmethod 6647 0x000001e2e7494410 code [0x000001e2e7494600, 0x000001e2e7494b58]
Event: 3.438 Thread 0x000001e2f8224660 6650       3       java.util.Random::nextInt (74 bytes)
Event: 3.438 Thread 0x000001e2f8226f40 nmethod 6644 0x000001e2e747ac90 code [0x000001e2e747af80, 0x000001e2e747bc48]
Event: 3.438 Thread 0x000001e2f8224660 nmethod 6650 0x000001e2df7b9390 code [0x000001e2df7b9580, 0x000001e2df7b9a58]
Event: 3.440 Thread 0x000001e2f81dcbd0 6652       4       com.esotericsoftware.kryo.io.Output::writeString (125 bytes)
Event: 3.440 Thread 0x000001e2f82261a0 6653       3       org.gradle.internal.serialize.InterningStringSerializer::write (10 bytes)
Event: 3.440 Thread 0x000001e2f8227ce0 6654       3       org.gradle.internal.serialize.InterningStringSerializer::write (8 bytes)
Event: 3.440 Thread 0x000001e2f8226870 6655       3       org.gradle.api.internal.changedetection.state.CachingFileHasher$FileInfo::<init> (21 bytes)
Event: 3.440 Thread 0x000001e2f8224660 6656       3       org.gradle.internal.snapshot.RegularFileSnapshot::<init> (25 bytes)
Event: 3.440 Thread 0x000001e2f82261a0 nmethod 6653 0x000001e2dfcc0910 code [0x000001e2dfcc0ae0, 0x000001e2dfcc0e00]
Event: 3.440 Thread 0x000001e2f8227ce0 nmethod 6654 0x000001e2df989190 code [0x000001e2df989340, 0x000001e2df989518]
Event: 3.440 Thread 0x000001e2f8227ce0 6657       3       org.gradle.api.internal.changedetection.state.FileTimeStampInspector::timestampCanBeUsedToDetectFileChange (15 bytes)
Event: 3.440 Thread 0x000001e2f8226870 nmethod 6655 0x000001e2df96a010 code [0x000001e2df96a1c0, 0x000001e2df96a350]
Event: 3.441 Thread 0x000001e2f8224660 nmethod 6656 0x000001e2df89c390 code [0x000001e2df89c540, 0x000001e2df89c7d0]
Event: 3.441 Thread 0x000001e2f8227ce0 nmethod 6657 0x000001e2dfbb4690 code [0x000001e2dfbb4820, 0x000001e2dfbb4980]
Event: 3.441 Thread 0x000001e2f8227ce0 6658   !   3       org.gradle.api.internal.changedetection.state.GradleUserHomeScopeFileTimeStampInspector::timestampCanBeUsedToDetectFileChange (94 bytes)
Event: 3.441 Thread 0x000001e2f82261a0 6659       3       org.gradle.api.internal.changedetection.state.GradleUserHomeScopeFileTimeStampInspector::isReliableTimestampPrecision (20 bytes)
Event: 3.441 Thread 0x000001e2f8226870 6660       3       org.gradle.api.internal.changedetection.state.CachingFileHasher$FileInfoSerializer::read (36 bytes)
Event: 3.441 Thread 0x000001e2f82261a0 nmethod 6659 0x000001e2df94a690 code [0x000001e2df94a840, 0x000001e2df94aab0]
Event: 3.441 Thread 0x000001e2f8226870 nmethod 6660 0x000001e2df981790 code [0x000001e2df9819c0, 0x000001e2df982178]

GC Heap History (16 events):
Event: 1.299 GC heap before
{Heap before GC invocations=1 (full 0):
 PSYoungGen      total 305664K, used 262144K [0x00000000d5580000, 0x00000000eaa80000, 0x0000000100000000)
  eden space 262144K, 100% used [0x00000000d5580000,0x00000000e5580000,0x00000000e5580000)
  from space 43520K, 0% used [0x00000000e8000000,0x00000000e8000000,0x00000000eaa80000)
  to   space 43520K, 0% used [0x00000000e5580000,0x00000000e5580000,0x00000000e8000000)
 ParOldGen       total 699392K, used 0K [0x0000000080000000, 0x00000000aab00000, 0x00000000d5580000)
  object space 699392K, 0% used [0x0000000080000000,0x0000000080000000,0x00000000aab00000)
 Metaspace       used 20827K, committed 21120K, reserved 1114112K
  class space    used 2425K, committed 2560K, reserved 1048576K
}
Event: 1.303 GC heap after
{Heap after GC invocations=1 (full 0):
 PSYoungGen      total 305664K, used 19033K [0x00000000d5580000, 0x00000000eaa80000, 0x0000000100000000)
  eden space 262144K, 0% used [0x00000000d5580000,0x00000000d5580000,0x00000000e5580000)
  from space 43520K, 43% used [0x00000000e5580000,0x00000000e6816678,0x00000000e8000000)
  to   space 43520K, 0% used [0x00000000e8000000,0x00000000e8000000,0x00000000eaa80000)
 ParOldGen       total 699392K, used 24K [0x0000000080000000, 0x00000000aab00000, 0x00000000d5580000)
  object space 699392K, 0% used [0x0000000080000000,0x0000000080006000,0x00000000aab00000)
 Metaspace       used 20827K, committed 21120K, reserved 1114112K
  class space    used 2425K, committed 2560K, reserved 1048576K
}
Event: 1.318 GC heap before
{Heap before GC invocations=2 (full 0):
 PSYoungGen      total 305664K, used 29519K [0x00000000d5580000, 0x00000000eaa80000, 0x0000000100000000)
  eden space 262144K, 4% used [0x00000000d5580000,0x00000000d5fbd7a8,0x00000000e5580000)
  from space 43520K, 43% used [0x00000000e5580000,0x00000000e6816678,0x00000000e8000000)
  to   space 43520K, 0% used [0x00000000e8000000,0x00000000e8000000,0x00000000eaa80000)
 ParOldGen       total 699392K, used 24K [0x0000000080000000, 0x00000000aab00000, 0x00000000d5580000)
  object space 699392K, 0% used [0x0000000080000000,0x0000000080006000,0x00000000aab00000)
 Metaspace       used 21246K, committed 21504K, reserved 1114112K
  class space    used 2484K, committed 2624K, reserved 1048576K
}
Event: 1.322 GC heap after
{Heap after GC invocations=2 (full 0):
 PSYoungGen      total 305664K, used 19078K [0x00000000d5580000, 0x00000000eaa80000, 0x0000000100000000)
  eden space 262144K, 0% used [0x00000000d5580000,0x00000000d5580000,0x00000000e5580000)
  from space 43520K, 43% used [0x00000000e8000000,0x00000000e92a1928,0x00000000eaa80000)
  to   space 43520K, 0% used [0x00000000e5580000,0x00000000e5580000,0x00000000e8000000)
 ParOldGen       total 699392K, used 32K [0x0000000080000000, 0x00000000aab00000, 0x00000000d5580000)
  object space 699392K, 0% used [0x0000000080000000,0x0000000080008000,0x00000000aab00000)
 Metaspace       used 21246K, committed 21504K, reserved 1114112K
  class space    used 2484K, committed 2624K, reserved 1048576K
}
Event: 1.322 GC heap before
{Heap before GC invocations=3 (full 1):
 PSYoungGen      total 305664K, used 19078K [0x00000000d5580000, 0x00000000eaa80000, 0x0000000100000000)
  eden space 262144K, 0% used [0x00000000d5580000,0x00000000d5580000,0x00000000e5580000)
  from space 43520K, 43% used [0x00000000e8000000,0x00000000e92a1928,0x00000000eaa80000)
  to   space 43520K, 0% used [0x00000000e5580000,0x00000000e5580000,0x00000000e8000000)
 ParOldGen       total 699392K, used 32K [0x0000000080000000, 0x00000000aab00000, 0x00000000d5580000)
  object space 699392K, 0% used [0x0000000080000000,0x0000000080008000,0x00000000aab00000)
 Metaspace       used 21246K, committed 21504K, reserved 1114112K
  class space    used 2484K, committed 2624K, reserved 1048576K
}
Event: 1.333 GC heap after
{Heap after GC invocations=3 (full 1):
 PSYoungGen      total 305664K, used 0K [0x00000000d5580000, 0x00000000eaa80000, 0x0000000100000000)
  eden space 262144K, 0% used [0x00000000d5580000,0x00000000d5580000,0x00000000e5580000)
  from space 43520K, 0% used [0x00000000e8000000,0x00000000e8000000,0x00000000eaa80000)
  to   space 43520K, 0% used [0x00000000e5580000,0x00000000e5580000,0x00000000e8000000)
 ParOldGen       total 699392K, used 18513K [0x0000000080000000, 0x00000000aab00000, 0x00000000d5580000)
  object space 699392K, 2% used [0x0000000080000000,0x00000000812145a8,0x00000000aab00000)
 Metaspace       used 21246K, committed 21504K, reserved 1114112K
  class space    used 2484K, committed 2624K, reserved 1048576K
}
Event: 1.913 GC heap before
{Heap before GC invocations=4 (full 1):
 PSYoungGen      total 305664K, used 113498K [0x00000000d5580000, 0x00000000eaa80000, 0x0000000100000000)
  eden space 262144K, 43% used [0x00000000d5580000,0x00000000dc456a00,0x00000000e5580000)
  from space 43520K, 0% used [0x00000000e8000000,0x00000000e8000000,0x00000000eaa80000)
  to   space 43520K, 0% used [0x00000000e5580000,0x00000000e5580000,0x00000000e8000000)
 ParOldGen       total 699392K, used 18513K [0x0000000080000000, 0x00000000aab00000, 0x00000000d5580000)
  object space 699392K, 2% used [0x0000000080000000,0x00000000812145a8,0x00000000aab00000)
 Metaspace       used 35176K, committed 35840K, reserved 1114112K
  class space    used 4591K, committed 4928K, reserved 1048576K
}
Event: 1.915 GC heap after
{Heap after GC invocations=4 (full 1):
 PSYoungGen      total 305664K, used 4976K [0x00000000d5580000, 0x00000000eaa80000, 0x0000000100000000)
  eden space 262144K, 0% used [0x00000000d5580000,0x00000000d5580000,0x00000000e5580000)
  from space 43520K, 11% used [0x00000000e5580000,0x00000000e5a5c150,0x00000000e8000000)
  to   space 43520K, 0% used [0x00000000e8000000,0x00000000e8000000,0x00000000eaa80000)
 ParOldGen       total 699392K, used 18521K [0x0000000080000000, 0x00000000aab00000, 0x00000000d5580000)
  object space 699392K, 2% used [0x0000000080000000,0x00000000812165a8,0x00000000aab00000)
 Metaspace       used 35176K, committed 35840K, reserved 1114112K
  class space    used 4591K, committed 4928K, reserved 1048576K
}
Event: 1.915 GC heap before
{Heap before GC invocations=5 (full 2):
 PSYoungGen      total 305664K, used 4976K [0x00000000d5580000, 0x00000000eaa80000, 0x0000000100000000)
  eden space 262144K, 0% used [0x00000000d5580000,0x00000000d5580000,0x00000000e5580000)
  from space 43520K, 11% used [0x00000000e5580000,0x00000000e5a5c150,0x00000000e8000000)
  to   space 43520K, 0% used [0x00000000e8000000,0x00000000e8000000,0x00000000eaa80000)
 ParOldGen       total 699392K, used 18521K [0x0000000080000000, 0x00000000aab00000, 0x00000000d5580000)
  object space 699392K, 2% used [0x0000000080000000,0x00000000812165a8,0x00000000aab00000)
 Metaspace       used 35176K, committed 35840K, reserved 1114112K
  class space    used 4591K, committed 4928K, reserved 1048576K
}
Event: 1.929 GC heap after
{Heap after GC invocations=5 (full 2):
 PSYoungGen      total 305664K, used 0K [0x00000000d5580000, 0x00000000eaa80000, 0x0000000100000000)
  eden space 262144K, 0% used [0x00000000d5580000,0x00000000d5580000,0x00000000e5580000)
  from space 43520K, 0% used [0x00000000e5580000,0x00000000e5580000,0x00000000e8000000)
  to   space 43520K, 0% used [0x00000000e8000000,0x00000000e8000000,0x00000000eaa80000)
 ParOldGen       total 699392K, used 22907K [0x0000000080000000, 0x00000000aab00000, 0x00000000d5580000)
  object space 699392K, 3% used [0x0000000080000000,0x000000008165eea8,0x00000000aab00000)
 Metaspace       used 35176K, committed 35840K, reserved 1114112K
  class space    used 4591K, committed 4928K, reserved 1048576K
}
Event: 3.190 GC heap before
{Heap before GC invocations=6 (full 2):
 PSYoungGen      total 305664K, used 262144K [0x00000000d5580000, 0x00000000eaa80000, 0x0000000100000000)
  eden space 262144K, 100% used [0x00000000d5580000,0x00000000e5580000,0x00000000e5580000)
  from space 43520K, 0% used [0x00000000e5580000,0x00000000e5580000,0x00000000e8000000)
  to   space 43520K, 0% used [0x00000000e8000000,0x00000000e8000000,0x00000000eaa80000)
 ParOldGen       total 699392K, used 22907K [0x0000000080000000, 0x00000000aab00000, 0x00000000d5580000)
  object space 699392K, 3% used [0x0000000080000000,0x000000008165eea8,0x00000000aab00000)
 Metaspace       used 57360K, committed 58944K, reserved 1114112K
  class space    used 8118K, committed 8896K, reserved 1048576K
}
Event: 3.196 GC heap after
{Heap after GC invocations=6 (full 2):
 PSYoungGen      total 305664K, used 33845K [0x00000000d5580000, 0x00000000faa80000, 0x0000000100000000)
  eden space 262144K, 0% used [0x00000000d5580000,0x00000000d5580000,0x00000000e5580000)
  from space 43520K, 77% used [0x00000000e8000000,0x00000000ea10d7c0,0x00000000eaa80000)
  to   space 43520K, 0% used [0x00000000e5580000,0x00000000e5580000,0x00000000e8000000)
 ParOldGen       total 699392K, used 22915K [0x0000000080000000, 0x00000000aab00000, 0x00000000d5580000)
  object space 699392K, 3% used [0x0000000080000000,0x0000000081660ea8,0x00000000aab00000)
 Metaspace       used 57360K, committed 58944K, reserved 1114112K
  class space    used 8118K, committed 8896K, reserved 1048576K
}
Event: 3.355 GC heap before
{Heap before GC invocations=7 (full 2):
 PSYoungGen      total 305664K, used 73560K [0x00000000d5580000, 0x00000000faa80000, 0x0000000100000000)
  eden space 262144K, 15% used [0x00000000d5580000,0x00000000d7c48aa0,0x00000000e5580000)
  from space 43520K, 77% used [0x00000000e8000000,0x00000000ea10d7c0,0x00000000eaa80000)
  to   space 43520K, 0% used [0x00000000e5580000,0x00000000e5580000,0x00000000e8000000)
 ParOldGen       total 699392K, used 22915K [0x0000000080000000, 0x00000000aab00000, 0x00000000d5580000)
  object space 699392K, 3% used [0x0000000080000000,0x0000000081660ea8,0x00000000aab00000)
 Metaspace       used 58188K, committed 59776K, reserved 1114112K
  class space    used 8197K, committed 8960K, reserved 1048576K
}
Event: 3.362 GC heap after
{Heap after GC invocations=7 (full 2):
 PSYoungGen      total 305664K, used 36498K [0x00000000d5580000, 0x00000000fae80000, 0x0000000100000000)
  eden space 262144K, 0% used [0x00000000d5580000,0x00000000d5580000,0x00000000e5580000)
  from space 43520K, 83% used [0x00000000e5580000,0x00000000e7924a38,0x00000000e8000000)
  to   space 45568K, 0% used [0x00000000f8200000,0x00000000f8200000,0x00000000fae80000)
 ParOldGen       total 699392K, used 22923K [0x0000000080000000, 0x00000000aab00000, 0x00000000d5580000)
  object space 699392K, 3% used [0x0000000080000000,0x0000000081662ea8,0x00000000aab00000)
 Metaspace       used 58188K, committed 59776K, reserved 1114112K
  class space    used 8197K, committed 8960K, reserved 1048576K
}
Event: 3.362 GC heap before
{Heap before GC invocations=8 (full 3):
 PSYoungGen      total 305664K, used 36498K [0x00000000d5580000, 0x00000000fae80000, 0x0000000100000000)
  eden space 262144K, 0% used [0x00000000d5580000,0x00000000d5580000,0x00000000e5580000)
  from space 43520K, 83% used [0x00000000e5580000,0x00000000e7924a38,0x00000000e8000000)
  to   space 45568K, 0% used [0x00000000f8200000,0x00000000f8200000,0x00000000fae80000)
 ParOldGen       total 699392K, used 22923K [0x0000000080000000, 0x00000000aab00000, 0x00000000d5580000)
  object space 699392K, 3% used [0x0000000080000000,0x0000000081662ea8,0x00000000aab00000)
 Metaspace       used 58188K, committed 59776K, reserved 1114112K
  class space    used 8197K, committed 8960K, reserved 1048576K
}
Event: 3.392 GC heap after
{Heap after GC invocations=8 (full 3):
 PSYoungGen      total 305664K, used 0K [0x00000000d5580000, 0x00000000fae80000, 0x0000000100000000)
  eden space 262144K, 0% used [0x00000000d5580000,0x00000000d5580000,0x00000000e5580000)
  from space 43520K, 0% used [0x00000000e5580000,0x00000000e5580000,0x00000000e8000000)
  to   space 45568K, 0% used [0x00000000f8200000,0x00000000f8200000,0x00000000fae80000)
 ParOldGen       total 699392K, used 58624K [0x0000000080000000, 0x00000000aab00000, 0x00000000d5580000)
  object space 699392K, 8% used [0x0000000080000000,0x00000000839403a8,0x00000000aab00000)
 Metaspace       used 58188K, committed 59776K, reserved 1114112K
  class space    used 8197K, committed 8960K, reserved 1048576K
}

Dll operation events (3 events):
Event: 0.007 Loaded shared library C:\Program Files\Android\Android Studio\jbr\bin\java.dll
Event: 0.010 Loaded shared library C:\Program Files\Android\Android Studio\jbr\bin\zip.dll
Event: 0.431 Loaded shared library C:\Program Files\Android\Android Studio\jbr\bin\verify.dll

Deoptimization events (20 events):
Event: 3.327 Thread 0x000001e2fd9a6b90 DEOPT PACKING pc=0x000001e2e74fccec sp=0x000000bfd12f5dc0
Event: 3.327 Thread 0x000001e2fd9a6b90 DEOPT UNPACKING pc=0x000001e2e6c13aa2 sp=0x000000bfd12f5cf0 mode 2
Event: 3.327 Thread 0x000001e2fd9a6b90 Uncommon trap: trap_request=0xffffff45 fr.pc=0x000001e2e75a0e54 relative=0x0000000000000554
Event: 3.327 Thread 0x000001e2fd9a6b90 Uncommon trap: reason=unstable_if action=reinterpret pc=0x000001e2e75a0e54 method=java.lang.invoke.MethodType.insertParameterTypes(I[Ljava/lang/Class;)Ljava/lang/invoke/MethodType; @ 48 c2
Event: 3.327 Thread 0x000001e2fd9a6b90 DEOPT PACKING pc=0x000001e2e75a0e54 sp=0x000000bfd12f5b30
Event: 3.327 Thread 0x000001e2fd9a6b90 DEOPT UNPACKING pc=0x000001e2e6c13aa2 sp=0x000000bfd12f5b00 mode 2
Event: 3.327 Thread 0x000001e2fd9a6b90 Uncommon trap: trap_request=0xffffff45 fr.pc=0x000001e2e76c466c relative=0x00000000000002cc
Event: 3.327 Thread 0x000001e2fd9a6b90 Uncommon trap: reason=unstable_if action=reinterpret pc=0x000001e2e76c466c method=sun.invoke.util.VerifyType.isNullConversion(Ljava/lang/Class;Ljava/lang/Class;Z)Z @ 25 c2
Event: 3.327 Thread 0x000001e2fd9a6b90 DEOPT PACKING pc=0x000001e2e76c466c sp=0x000000bfd12f6250
Event: 3.328 Thread 0x000001e2fd9a6b90 DEOPT UNPACKING pc=0x000001e2e6c13aa2 sp=0x000000bfd12f61d8 mode 2
Event: 3.417 Thread 0x000001e2fd9a6b90 Uncommon trap: trap_request=0xffffff45 fr.pc=0x000001e2e7411a28 relative=0x0000000000000268
Event: 3.417 Thread 0x000001e2fd9a6b90 Uncommon trap: reason=unstable_if action=reinterpret pc=0x000001e2e7411a28 method=java.net.URI.match(CJJ)Z @ 19 c2
Event: 3.417 Thread 0x000001e2fd9a6b90 DEOPT PACKING pc=0x000001e2e7411a28 sp=0x000000bfd12f8980
Event: 3.417 Thread 0x000001e2fd9a6b90 DEOPT UNPACKING pc=0x000001e2e6c13aa2 sp=0x000000bfd12f8870 mode 2
Event: 3.434 Thread 0x000001e2fd9a6b90 Uncommon trap: trap_request=0xffffff45 fr.pc=0x000001e2e76c75ac relative=0x00000000000010ac
Event: 3.435 Thread 0x000001e2fd9a6b90 Uncommon trap: reason=unstable_if action=reinterpret pc=0x000001e2e76c75ac method=java.util.concurrent.ConcurrentHashMap.computeIfAbsent(Ljava/lang/Object;Ljava/util/function/Function;)Ljava/lang/Object; @ 364 c2
Event: 3.435 Thread 0x000001e2fd9a6b90 DEOPT PACKING pc=0x000001e2e76c75ac sp=0x000000bfd12f84c0
Event: 3.435 Thread 0x000001e2fd9a6b90 DEOPT UNPACKING pc=0x000001e2e6c13aa2 sp=0x000000bfd12f8440 mode 2
Event: 3.440 Thread 0x000001e2fd9a8c60 DEOPT PACKING pc=0x000001e2e00cdc69 sp=0x000000bfd18fe160
Event: 3.440 Thread 0x000001e2fd9a8c60 DEOPT UNPACKING pc=0x000001e2e6c14242 sp=0x000000bfd18fd600 mode 0

Classes loaded (20 events):
Event: 3.316 Loading class java/lang/ClassBeanInfo
Event: 3.316 Loading class java/lang/ClassBeanInfo done
Event: 3.316 Loading class java/lang/ClassBeanInfo
Event: 3.316 Loading class java/lang/ClassBeanInfo done
Event: 3.316 Loading class java/lang/ClassCustomizer
Event: 3.316 Loading class java/lang/ClassCustomizer done
Event: 3.317 Loading class java/lang/ClassCustomizer
Event: 3.317 Loading class java/lang/ClassCustomizer done
Event: 3.319 Loading class jdk/internal/vm/annotation/ForceInline
Event: 3.319 Loading class jdk/internal/vm/annotation/ForceInline done
Event: 3.321 Loading class java/lang/reflect/Executable$ParameterData
Event: 3.321 Loading class java/lang/reflect/Executable$ParameterData done
Event: 3.337 Loading class java/lang/invoke/BoundMethodHandle$Species_LLLI
Event: 3.337 Loading class java/lang/invoke/BoundMethodHandle$Species_LLLI done
Event: 3.338 Loading class java/lang/invoke/BoundMethodHandle$Species_LLLIL
Event: 3.338 Loading class java/lang/invoke/BoundMethodHandle$Species_LLLIL done
Event: 3.338 Loading class java/lang/invoke/BoundMethodHandle$Species_LLLILL
Event: 3.338 Loading class java/lang/invoke/BoundMethodHandle$Species_LLLILL done
Event: 3.433 Loading class java/nio/file/AccessMode
Event: 3.433 Loading class java/nio/file/AccessMode done

Classes unloaded (0 events):
No events

Classes redefined (0 events):
No events

Internal exceptions (20 events):
Event: 3.331 Thread 0x000001e2fd9a6b90 Exception <a 'sun/nio/fs/WindowsException'{0x00000000d7791b00}> (0x00000000d7791b00) 
thrown [s\src\hotspot\share\prims\jni.cpp, line 537]
Event: 3.331 Thread 0x000001e2fd9a6b90 Exception <a 'java/lang/ClassNotFoundException'{0x00000000d7794a20}: org/gradle/internal/service/ScopedServiceRegistryCustomizer> (0x00000000d7794a20) 
thrown [s\src\hotspot\share\classfile\systemDictionary.cpp, line 312]
Event: 3.334 Thread 0x000001e2fd9a6b90 Exception <a 'sun/nio/fs/WindowsException'{0x00000000d77ce690}> (0x00000000d77ce690) 
thrown [s\src\hotspot\share\prims\jni.cpp, line 537]
Event: 3.334 Thread 0x000001e2fd9a6b90 Exception <a 'java/lang/ClassNotFoundException'{0x00000000d77d1868}: org/gradle/internal/extensibility/DefaultExtensionContainerBeanInfo> (0x00000000d77d1868) 
thrown [s\src\hotspot\share\classfile\systemDictionary.cpp, line 312]
Event: 3.334 Thread 0x000001e2fd9a6b90 Exception <a 'sun/nio/fs/WindowsException'{0x00000000d77e6e40}> (0x00000000d77e6e40) 
thrown [s\src\hotspot\share\prims\jni.cpp, line 537]
Event: 3.334 Thread 0x000001e2fd9a6b90 Exception <a 'java/lang/ClassNotFoundException'{0x00000000d77e9d68}: org/gradle/internal/extensibility/DefaultExtensionContainerCustomizer> (0x00000000d77e9d68) 
thrown [s\src\hotspot\share\classfile\systemDictionary.cpp, line 312]
Event: 3.337 Thread 0x000001e2fd9a6b90 Exception <a 'java/lang/NoSuchMethodError'{0x00000000d782d100}: 'java.lang.Object java.lang.invoke.DelegatingMethodHandle$Holder.reinvoke_L(java.lang.Object, java.lang.Object, java.lang.Object, int, java.lang.Object, java.lang.Object)'> (0x00000000d782d100) 
thrown [s\src\hotspot\share\interpreter\linkResolver.cpp, line 784]
Event: 3.338 Thread 0x000001e2fd9a6b90 Exception <a 'java/lang/NoSuchMethodError'{0x00000000d7845df0}: 'java.lang.Object java.lang.invoke.DirectMethodHandle$Holder.invokeStatic(java.lang.Object, java.lang.Object, java.lang.Object, java.lang.Object, java.lang.Object, java.lang.Object, int)'> (0x00000000d7845df0) 
thrown [s\src\hotspot\share\interpreter\linkResolver.cpp, line 784]
Event: 3.338 Thread 0x000001e2fd9a6b90 Exception <a 'java/lang/NoSuchMethodError'{0x00000000d785d3f0}: 'java.lang.Object java.lang.invoke.DirectMethodHandle$Holder.invokeStatic(java.lang.Object, java.lang.Object, java.lang.Object, java.lang.Object, java.lang.Object, java.lang.Object, int, java.lang.Object)'> (0x00000000d785d3f0) 
thrown [s\src\hotspot\share\interpreter\linkResolver.cpp, line 784]
Event: 3.339 Thread 0x000001e2fd9a6b90 Exception <a 'java/lang/NoSuchMethodError'{0x00000000d7875be0}: 'java.lang.Object java.lang.invoke.DirectMethodHandle$Holder.invokeStatic(java.lang.Object, java.lang.Object, java.lang.Object, java.lang.Object, java.lang.Object, java.lang.Object, int, java.lang.Object, java.lang.Object)'> (0x00000000d7875be0) 
thrown [s\src\hotspot\share\interpreter\linkResolver.cpp, line 784]
Event: 3.341 Thread 0x000001e2fd9a6b90 Exception <a 'sun/nio/fs/WindowsException'{0x00000000d78d5aa0}> (0x00000000d78d5aa0) 
thrown [s\src\hotspot\share\prims\jni.cpp, line 537]
Event: 3.341 Thread 0x000001e2fd9a6b90 Exception <a 'java/lang/ClassNotFoundException'{0x00000000d78d8c80}: com/intellij/gradle/toolingExtension/impl/modelBuilder/ExtraModelBuilderBeanInfo> (0x00000000d78d8c80) 
thrown [s\src\hotspot\share\classfile\systemDictionary.cpp, line 312]
Event: 3.341 Thread 0x000001e2fd9a6b90 Exception <a 'sun/nio/fs/WindowsException'{0x00000000d78e4428}> (0x00000000d78e4428) 
thrown [s\src\hotspot\share\prims\jni.cpp, line 537]
Event: 3.341 Thread 0x000001e2fd9a6b90 Exception <a 'java/lang/ClassNotFoundException'{0x00000000d78e7610}: com/intellij/gradle/toolingExtension/impl/modelBuilder/ExtraModelBuilderCustomizer> (0x00000000d78e7610) 
thrown [s\src\hotspot\share\classfile\systemDictionary.cpp, line 312]
Event: 3.430 Thread 0x000001e2fd9a6b90 Exception <a 'java/lang/IncompatibleClassChangeError'{0x00000000d62701b0}: Found class java.lang.Object, but interface was expected> (0x00000000d62701b0) 
thrown [s\src\hotspot\share\interpreter\linkResolver.cpp, line 851]
Event: 3.433 Thread 0x000001e2fd9a6b90 Exception <a 'sun/nio/fs/WindowsException'{0x00000000d628d5c0}> (0x00000000d628d5c0) 
thrown [s\src\hotspot\share\prims\jni.cpp, line 537]
Event: 3.433 Thread 0x000001e2fd9a6b90 Exception <a 'sun/nio/fs/WindowsException'{0x00000000d628f620}> (0x00000000d628f620) 
thrown [s\src\hotspot\share\prims\jni.cpp, line 537]
Event: 3.434 Thread 0x000001e2fd9a6b90 Exception <a 'sun/nio/fs/WindowsException'{0x00000000d6291120}> (0x00000000d6291120) 
thrown [s\src\hotspot\share\prims\jni.cpp, line 537]
Event: 3.434 Thread 0x000001e2fd9a6b90 Exception <a 'sun/nio/fs/WindowsException'{0x00000000d6292828}> (0x00000000d6292828) 
thrown [s\src\hotspot\share\prims\jni.cpp, line 537]
Event: 3.437 Thread 0x000001e2fd9a6b90 Exception <a 'sun/nio/fs/WindowsException'{0x00000000d62cbcd0}> (0x00000000d62cbcd0) 
thrown [s\src\hotspot\share\prims\jni.cpp, line 537]

ZGC Phase Switch (0 events):
No events

VM Operations (20 events):
Event: 2.701 Executing VM operation: HandshakeAllThreads (Deoptimize)
Event: 2.701 Executing VM operation: HandshakeAllThreads (Deoptimize) done
Event: 2.780 Executing VM operation: ICBufferFull
Event: 2.780 Executing VM operation: ICBufferFull done
Event: 2.815 Executing VM operation: HandshakeAllThreads (Deoptimize)
Event: 2.815 Executing VM operation: HandshakeAllThreads (Deoptimize) done
Event: 2.845 Executing VM operation: HandshakeAllThreads (Deoptimize)
Event: 2.845 Executing VM operation: HandshakeAllThreads (Deoptimize) done
Event: 2.971 Executing VM operation: HandshakeAllThreads (Deoptimize)
Event: 2.971 Executing VM operation: HandshakeAllThreads (Deoptimize) done
Event: 2.975 Executing VM operation: ICBufferFull
Event: 2.975 Executing VM operation: ICBufferFull done
Event: 3.190 Executing VM operation: ICBufferFull
Event: 3.190 Executing VM operation: ICBufferFull done
Event: 3.190 Executing VM operation: ParallelGCFailedAllocation (Allocation Failure)
Event: 3.196 Executing VM operation: ParallelGCFailedAllocation (Allocation Failure) done
Event: 3.293 Executing VM operation: ICBufferFull
Event: 3.293 Executing VM operation: ICBufferFull done
Event: 3.355 Executing VM operation: CollectForMetadataAllocation (Metadata GC Threshold)
Event: 3.392 Executing VM operation: CollectForMetadataAllocation (Metadata GC Threshold) done

Memory protections (0 events):
No events

Nmethod flushes (20 events):
Event: 3.376 Thread 0x000001e2f816b270 flushing  nmethod 0x000001e2dfbb4690
Event: 3.376 Thread 0x000001e2f816b270 flushing  nmethod 0x000001e2dfbb9110
Event: 3.376 Thread 0x000001e2f816b270 flushing  nmethod 0x000001e2dfbbc410
Event: 3.376 Thread 0x000001e2f816b270 flushing  nmethod 0x000001e2dfbffc10
Event: 3.376 Thread 0x000001e2f816b270 flushing  nmethod 0x000001e2dfc45510
Event: 3.376 Thread 0x000001e2f816b270 flushing  nmethod 0x000001e2dfc4af10
Event: 3.376 Thread 0x000001e2f816b270 flushing  nmethod 0x000001e2dfc7bb10
Event: 3.376 Thread 0x000001e2f816b270 flushing  nmethod 0x000001e2dfc9b010
Event: 3.376 Thread 0x000001e2f816b270 flushing  nmethod 0x000001e2dfcacb10
Event: 3.376 Thread 0x000001e2f816b270 flushing  nmethod 0x000001e2dfcc0910
Event: 3.376 Thread 0x000001e2f816b270 flushing  nmethod 0x000001e2dfccd610
Event: 3.376 Thread 0x000001e2f816b270 flushing  nmethod 0x000001e2dfccdc90
Event: 3.376 Thread 0x000001e2f816b270 flushing  nmethod 0x000001e2dfcce090
Event: 3.376 Thread 0x000001e2f816b270 flushing  nmethod 0x000001e2dfce1590
Event: 3.376 Thread 0x000001e2f816b270 flushing  nmethod 0x000001e2dfd15010
Event: 3.376 Thread 0x000001e2f816b270 flushing  nmethod 0x000001e2dfd16910
Event: 3.376 Thread 0x000001e2f816b270 flushing  nmethod 0x000001e2dfd1f510
Event: 3.376 Thread 0x000001e2f816b270 flushing  nmethod 0x000001e2dfde0810
Event: 3.376 Thread 0x000001e2f816b270 flushing  nmethod 0x000001e2dfde0e90
Event: 3.376 Thread 0x000001e2f816b270 flushing  nmethod 0x000001e2dfde1190

Events (20 events):
Event: 3.177 Thread 0x000001e2fd9a6b90 Thread added: 0x000001e280f7d750
Event: 3.177 Thread 0x000001e2fd9a6b90 Thread added: 0x000001e280f7dde0
Event: 3.178 Thread 0x000001e2fd9a6b90 Thread added: 0x000001e280f7b680
Event: 3.178 Thread 0x000001e2fd9a6b90 Thread added: 0x000001e280f81260
Event: 3.178 Thread 0x000001e2fd9a6b90 Thread added: 0x000001e280f7feb0
Event: 3.178 Thread 0x000001e2fd9a6b90 Thread added: 0x000001e280f818f0
Event: 3.178 Thread 0x000001e2fd9a6b90 Thread added: 0x000001e280f80540
Event: 3.187 Thread 0x000001e2fd9a6b90 Thread added: 0x000001e280f80bd0
Event: 3.188 Thread 0x000001e2fd9a6b90 Thread added: 0x000001e280f81f80
Event: 3.188 Thread 0x000001e2fd9a6b90 Thread added: 0x000001e280f82610
Event: 3.188 Thread 0x000001e2fd9a6b90 Thread added: 0x000001e280f7f190
Event: 3.188 Thread 0x000001e2fd9a6b90 Thread added: 0x000001e280f82ca0
Event: 3.189 Thread 0x000001e2fd9a6b90 Thread added: 0x000001e280f7f820
Event: 3.189 Thread 0x000001e2fd9a6b90 Thread added: 0x000001e28173f500
Event: 3.189 Thread 0x000001e2fd9a6b90 Thread added: 0x000001e28173e150
Event: 3.189 Thread 0x000001e2fd9a6b90 Thread added: 0x000001e28173e7e0
Event: 3.189 Thread 0x000001e2fd9a6b90 Thread added: 0x000001e28173ee70
Event: 3.190 Thread 0x000001e2fd9a6b90 Thread added: 0x000001e28173d430
Event: 3.190 Thread 0x000001e2fd9a6b90 Thread added: 0x000001e28173cda0
Event: 3.419 Thread 0x000001e2f8224d30 Thread exited: 0x000001e2f8224d30


Dynamic libraries:
0x00007ff77f9c0000 - 0x00007ff77f9ca000 	C:\Program Files\Android\Android Studio\jbr\bin\java.exe
0x00007ff8f4500000 - 0x00007ff8f4767000 	C:\WINDOWS\SYSTEM32\ntdll.dll
0x00007ff8f31e0000 - 0x00007ff8f32a9000 	C:\WINDOWS\System32\KERNEL32.DLL
0x00007ff8f12d0000 - 0x00007ff8f16c1000 	C:\WINDOWS\System32\KERNELBASE.dll
0x00007ff8f0e90000 - 0x00007ff8f0fdb000 	C:\WINDOWS\System32\ucrtbase.dll
0x00007ff8d8f20000 - 0x00007ff8d8f38000 	C:\Program Files\Android\Android Studio\jbr\bin\jli.dll
0x00007ff8b5370000 - 0x00007ff8b538b000 	C:\Program Files\Android\Android Studio\jbr\bin\VCRUNTIME140.dll
0x00007ff8f29f0000 - 0x00007ff8f2bb5000 	C:\WINDOWS\System32\USER32.dll
0x00007ff8f12a0000 - 0x00007ff8f12c7000 	C:\WINDOWS\System32\win32u.dll
0x00007ff8d6d20000 - 0x00007ff8d6fb3000 	C:\WINDOWS\WinSxS\amd64_microsoft.windows.common-controls_6595b64144ccf1df_6.0.26100.7922_none_3e089e1ee3342171\COMCTL32.dll
0x00007ff8f4480000 - 0x00007ff8f44ab000 	C:\WINDOWS\System32\GDI32.dll
0x00007ff8f2300000 - 0x00007ff8f23a9000 	C:\WINDOWS\System32\msvcrt.dll
0x00007ff8f2170000 - 0x00007ff8f229a000 	C:\WINDOWS\System32\gdi32full.dll
0x00007ff8f0de0000 - 0x00007ff8f0e83000 	C:\WINDOWS\System32\msvcp_win.dll
0x00007ff8f2c40000 - 0x00007ff8f2c71000 	C:\WINDOWS\System32\IMM32.DLL
0x00007ff8d8410000 - 0x00007ff8d841c000 	C:\Program Files\Android\Android Studio\jbr\bin\vcruntime140_1.dll
0x00007ff89c7f0000 - 0x00007ff89c87d000 	C:\Program Files\Android\Android Studio\jbr\bin\msvcp140.dll
0x00007ff87aec0000 - 0x00007ff87bb56000 	C:\Program Files\Android\Android Studio\jbr\bin\server\jvm.dll
0x00007ff8f32b0000 - 0x00007ff8f336b000 	C:\WINDOWS\System32\ADVAPI32.dll
0x00007ff8f3130000 - 0x00007ff8f31d7000 	C:\WINDOWS\System32\sechost.dll
0x00007ff8f2dd0000 - 0x00007ff8f2ee8000 	C:\WINDOWS\System32\RPCRT4.dll
0x00007ff8f2bc0000 - 0x00007ff8f2c34000 	C:\WINDOWS\System32\WS2_32.dll
0x00007ff8f0a90000 - 0x00007ff8f0aee000 	C:\WINDOWS\SYSTEM32\POWRPROF.dll
0x00007ff8e3010000 - 0x00007ff8e3045000 	C:\WINDOWS\SYSTEM32\WINMM.dll
0x00007ff8e9a90000 - 0x00007ff8e9a9b000 	C:\WINDOWS\SYSTEM32\VERSION.dll
0x00007ff8f0a70000 - 0x00007ff8f0a84000 	C:\WINDOWS\SYSTEM32\UMPDC.dll
0x00007ff8efb30000 - 0x00007ff8efb4b000 	C:\WINDOWS\SYSTEM32\kernel.appcore.dll
0x00007ff8d83d0000 - 0x00007ff8d83da000 	C:\Program Files\Android\Android Studio\jbr\bin\jimage.dll
0x00007ff8ee7d0000 - 0x00007ff8eea12000 	C:\WINDOWS\SYSTEM32\DBGHELP.DLL
0x00007ff8f3370000 - 0x00007ff8f36f2000 	C:\WINDOWS\System32\combase.dll
0x00007ff8f3700000 - 0x00007ff8f37d7000 	C:\WINDOWS\System32\OLEAUT32.dll
0x00007ff8d68f0000 - 0x00007ff8d692b000 	C:\WINDOWS\SYSTEM32\dbgcore.DLL
0x00007ff8f1070000 - 0x00007ff8f1115000 	C:\WINDOWS\System32\bcryptPrimitives.dll
0x00007ff8d8ef0000 - 0x00007ff8d8efe000 	C:\Program Files\Android\Android Studio\jbr\bin\instrument.dll
0x00007ff8b5350000 - 0x00007ff8b5370000 	C:\Program Files\Android\Android Studio\jbr\bin\java.dll
0x00007ff8b46f0000 - 0x00007ff8b4708000 	C:\Program Files\Android\Android Studio\jbr\bin\zip.dll
0x00007ff8f3d10000 - 0x00007ff8f446f000 	C:\WINDOWS\System32\SHELL32.dll
0x00007ff8f2000000 - 0x00007ff8f216a000 	C:\WINDOWS\System32\wintypes.dll
0x00007ff8f1790000 - 0x00007ff8f1ff4000 	C:\WINDOWS\System32\windows.storage.dll
0x00007ff8f37e0000 - 0x00007ff8f38d7000 	C:\WINDOWS\System32\SHCORE.dll
0x00007ff8f3a90000 - 0x00007ff8f3af7000 	C:\WINDOWS\System32\shlwapi.dll
0x00007ff8f0d00000 - 0x00007ff8f0d29000 	C:\WINDOWS\SYSTEM32\profapi.dll
0x00007ff8d42d0000 - 0x00007ff8d42e0000 	C:\Program Files\Android\Android Studio\jbr\bin\net.dll
0x00007ff8e9610000 - 0x00007ff8e9737000 	C:\WINDOWS\SYSTEM32\WINHTTP.dll
0x00007ff8f0080000 - 0x00007ff8f00eb000 	C:\WINDOWS\system32\mswsock.dll
0x00007ff8b46d0000 - 0x00007ff8b46e6000 	C:\Program Files\Android\Android Studio\jbr\bin\nio.dll
0x00007ff8b9310000 - 0x00007ff8b9320000 	C:\Program Files\Android\Android Studio\jbr\bin\verify.dll
0x00007ff8b8220000 - 0x00007ff8b8247000 	C:\Users\mentalinc.AD\.gradle\native\660c5614fbf4a5f2a75b1949f50a0caf5cd603558e7d8a26e50b933a0cfb79d1\windows-amd64\native-platform.dll
0x00007ff89cba0000 - 0x00007ff89cc17000 	C:\Users\mentalinc.AD\.gradle\native\0.2.8\x86_64-windows-gnu\gradle-fileevents.dll
0x00007ff8c0c90000 - 0x00007ff8c0c99000 	C:\Program Files\Android\Android Studio\jbr\bin\management.dll
0x00007ff8bcbf0000 - 0x00007ff8bcbfb000 	C:\Program Files\Android\Android Studio\jbr\bin\management_ext.dll
0x00007ff8f2d40000 - 0x00007ff8f2d48000 	C:\WINDOWS\System32\PSAPI.DLL
0x00007ff8ef1c0000 - 0x00007ff8ef1f3000 	C:\WINDOWS\SYSTEM32\IPHLPAPI.DLL
0x00007ff8f3b20000 - 0x00007ff8f3b2a000 	C:\WINDOWS\System32\NSI.dll
0x00007ff8c82a0000 - 0x00007ff8c82a9000 	C:\Program Files\Android\Android Studio\jbr\bin\extnet.dll
0x00007ff8f0480000 - 0x00007ff8f049b000 	C:\WINDOWS\SYSTEM32\CRYPTSP.dll
0x00007ff8efa90000 - 0x00007ff8efac9000 	C:\WINDOWS\system32\rsaenh.dll
0x00007ff8f0130000 - 0x00007ff8f0162000 	C:\WINDOWS\SYSTEM32\USERENV.dll
0x00007ff8f0cd0000 - 0x00007ff8f0cfa000 	C:\WINDOWS\SYSTEM32\bcrypt.dll
0x00007ff8f02e0000 - 0x00007ff8f02ec000 	C:\WINDOWS\SYSTEM32\CRYPTBASE.dll
0x00007ff87ec90000 - 0x00007ff87ec98000 	C:\WINDOWS\system32\wshunix.dll

JVMTI agents:
C:\Users\mentalinc.AD\.gradle\wrapper\dists\gradle-9.2.1-bin\2t0n5ozlw9xmuyvbp7dnzaxug\gradle-9.2.1\lib\agents\gradle-instrumentation-agent-9.2.1.jar path:C:\Program Files\Android\Android Studio\jbr\bin\instrument.dll, loaded, initialized, instrumentlib options:none

dbghelp: loaded successfully - version: 4.0.5 - missing functions: none
symbol engine: initialized successfully - sym options: 0x614 - pdb path: .;C:\Program Files\Android\Android Studio\jbr\bin;C:\WINDOWS\SYSTEM32;C:\WINDOWS\WinSxS\amd64_microsoft.windows.common-controls_6595b64144ccf1df_6.0.26100.7922_none_3e089e1ee3342171;C:\Program Files\Android\Android Studio\jbr\bin\server;C:\Users\mentalinc.AD\.gradle\native\660c5614fbf4a5f2a75b1949f50a0caf5cd603558e7d8a26e50b933a0cfb79d1\windows-amd64;C:\Users\mentalinc.AD\.gradle\native\0.2.8\x86_64-windows-gnu

VM Arguments:
jvm_args: --add-opens=java.base/java.lang=ALL-UNNAMED --add-opens=java.base/java.lang.invoke=ALL-UNNAMED --add-opens=java.base/java.util=ALL-UNNAMED --add-opens=java.prefs/java.util.prefs=ALL-UNNAMED --add-exports=jdk.compiler/com.sun.tools.javac.api=ALL-UNNAMED --add-exports=jdk.compiler/com.sun.tools.javac.util=ALL-UNNAMED --add-opens=java.base/java.util=ALL-UNNAMED --add-opens=java.prefs/java.util.prefs=ALL-UNNAMED --add-opens=java.base/java.nio.charset=ALL-UNNAMED --add-opens=java.base/java.net=ALL-UNNAMED --add-opens=java.base/java.util.concurrent=ALL-UNNAMED --add-opens=java.base/java.util.concurrent.atomic=ALL-UNNAMED --add-opens=java.xml/javax.xml.namespace=ALL-UNNAMED --add-opens=java.base/java.time=ALL-UNNAMED -XX:+UseParallelGC -Xmx2048M -Dfile.encoding=UTF-8 -Duser.country=NZ -Duser.language=en -Duser.variant -javaagent:C:\Users\mentalinc.AD\.gradle\wrapper\dists\gradle-9.2.1-bin\2t0n5ozlw9xmuyvbp7dnzaxug\gradle-9.2.1\lib\agents\gradle-instrumentation-agent-9.2.1.jar 
java_command: org.gradle.launcher.daemon.bootstrap.GradleDaemon 9.2.1
java_class_path (initial): C:\Users\mentalinc.AD\.gradle\wrapper\dists\gradle-9.2.1-bin\2t0n5ozlw9xmuyvbp7dnzaxug\gradle-9.2.1\lib\gradle-daemon-main-9.2.1.jar
Launcher Type: SUN_STANDARD

[Global flags]
     intx CICompilerCount                          = 12                                        {product} {ergonomic}
   size_t InitialHeapSize                          = 1073741824                                {product} {ergonomic}
   size_t MaxHeapSize                              = 2147483648                                {product} {command line}
   size_t MaxNewSize                               = 715653120                                 {product} {ergonomic}
   size_t MinHeapDeltaBytes                        = 524288                                    {product} {ergonomic}
   size_t MinHeapSize                              = 8388608                                   {product} {ergonomic}
   size_t NewSize                                  = 357564416                                 {product} {ergonomic}
    uintx NonNMethodCodeHeapSize                   = 7602480                                {pd product} {ergonomic}
    uintx NonProfiledCodeHeapSize                  = 122027880                              {pd product} {ergonomic}
   size_t OldSize                                  = 716177408                                 {product} {ergonomic}
    uintx ProfiledCodeHeapSize                     = 122027880                              {pd product} {ergonomic}
    uintx ReservedCodeCacheSize                    = 251658240                              {pd product} {ergonomic}
     bool SegmentedCodeCache                       = true                                      {product} {ergonomic}
   size_t SoftMaxHeapSize                          = 2147483648                             {manageable} {ergonomic}
     bool UseCompressedOops                        = true                           {product lp64_product} {ergonomic}
     bool UseLargePagesIndividualAllocation        = false                                  {pd product} {ergonomic}
     bool UseParallelGC                            = true                                      {product} {command line}

Logging:
Log output configuration:
 #0: stdout all=warning uptime,level,tags foldmultilines=false
 #1: stderr all=off uptime,level,tags foldmultilines=false

Release file:
JAVA_VERSION="21.0.9" 
MODULES="java.base java.compiler java.datatransfer java.xml java.prefs java.desktop java.instrument java.logging java.management java.security.sasl java.naming java.rmi java.management.rmi java.net.http java.scripting java.security.jgss java.transaction.xa java.sql java.sql.rowset java.xml.crypto java.se java.smartcardio jdk.accessibility jdk.internal.jvmstat jdk.attach jdk.charsets jdk.internal.opt jdk.zipfs jdk.compiler jdk.crypto.ec jdk.crypto.cryptoki jdk.dynalink jdk.hotspot.agent jdk.httpserver jdk.internal.ed jdk.internal.le jdk.internal.vm.ci jdk.jartool jdk.javadoc jdk.jcmd jdk.jdeps jdk.jdwp.agent jdk.jdi jdk.jfr jdk.jlink jdk.jsobject jdk.localedata jdk.management jdk.management.agent jdk.management.jfr jdk.naming.dns jdk.naming.rmi jdk.net jdk.sctp jdk.security.auth jdk.security.jgss jdk.unsupported jdk.unsupported.desktop jdk.xml.dom" 
IMPLEMENTOR="JetBrains s.r.o." 
JAVA_RUNTIME_VERSION="21.0.9+-14649483-b1163.86" 
LIBC="default" 
OS_ARCH="x86_64" 
OS_NAME="Windows" 
SOURCE=".:git:554d0c326095" 

Environment Variables:
PATH=C:\Program Files\VanDyke Software\Clients\;C:\WINDOWS\system32;C:\WINDOWS;C:\WINDOWS\System32\Wbem;C:\WINDOWS\System32\WindowsPowerShell\v1.0\;C:\WINDOWS\System32\OpenSSH\;C:\Program Files\Apollo;C:\Program Files\Apollo\tools;C:\Program Files\Git\cmd;C:\Program Files\KeePassXC\;C:\Program Files\dotnet\;C:\Program Files\Process Lasso\;C:\Program Files\PowerShell\7\;C:\Program Files\WireGuard\;C:\Program Files\NVIDIA Corporation\NVIDIA App\NvDLISR;C:\Program Files (x86)\NVIDIA Corporation\PhysX\Common;C:\Program Files\USBip;C:\Users\mentalinc.AD\AppData\Local\UniGetUI\Chocolatey\bin;C:\Users\mentalinc.AD\AppData\Local\Microsoft\WindowsApps;C:\Users\mentalinc.AD\AppData\Local\Microsoft\WinGet\Packages\Mikrotik.Winbox.Beta_Microsoft.Winget.Source_8wekyb3d8bbwe;C:\Users\mentalinc.AD\AppData\Local\Microsoft\WinGet\Packages\Microsoft.Sysinternals.RDCMan_Microsoft.Winget.Source_8wekyb3d8bbwe;C:\Users\mentalinc.AD\AppData\Local\spicetify;C:\Users\mentalinc.AD\.dotnet\tools;C:\Users\mentalinc.AD\.dotnet\tools;C:\Users\mentalinc.AD\AppData\Local\Microsoft\WindowsApps;C:\Users\mentalinc.AD\AppData\Local\Microsoft\WinGet\Packages\Mikrotik.Winbox_Microsoft.Winget.Source_8wekyb3d8bbwe;C:\Users\mentalinc.AD\AppData\Local\GitHubDesktop\bin
USERNAME=mentalinc
OS=Windows_NT
PROCESSOR_IDENTIFIER=AMD64 Family 25 Model 33 Stepping 0, AuthenticAMD
TMP=C:\Users\MENTAL~1.AD\AppData\Local\Temp
TEMP=C:\Users\MENTAL~1.AD\AppData\Local\Temp




Periodic native trim disabled

JNI global refs:
JNI global refs: 35, weak refs: 0

JNI global refs memory usage: 835, weak refs: 833

Process memory usage:
Resident Set Size: 627320K (0% of 67014872K total physical memory with 31211888K free physical memory)

OOME stack traces (most recent first):
Classloader memory used:
Loader org.gradle.internal.classloader.VisitableURLClassLoader                         : 28735K
Loader bootstrap                                                                       : 21884K
Loader org.gradle.initialization.MixInLegacyTypesClassLoader                           : 7413K
Loader org.gradle.internal.classloader.VisitableURLClassLoader                         : 764K
Loader org.gradle.internal.classloader.VisitableURLClassLoader$InstrumentingVisitableURLClassLoader: 580K
Loader jdk.internal.loader.ClassLoaders$AppClassLoader                                 : 231K
Loader jdk.internal.reflect.DelegatingClassLoader                                      : 199K
Loader jdk.internal.loader.ClassLoaders$PlatformClassLoader                            : 145K
Loader org.gradle.groovy.scripts.internal.DefaultScriptCompilationHandler$ScriptClassLoader: 102K

Classes loaded by more than one classloader:
Class org.gradle.internal.IoActions                                                   : loaded 3 times (x 71B)
Class org.gradle.api.Action                                                           : loaded 3 times (x 70B)
Class org.gradle.api.GradleException                                                  : loaded 3 times (x 82B)
Class org.gradle.api.internal.classpath.ManifestUtil                                  : loaded 2 times (x 71B)
Class com.google.common.collect.UnmodifiableListIterator                              : loaded 2 times (x 95B)
Class org.gradle.internal.operations.MultipleBuildOperationFailures                   : loaded 2 times (x 95B)
Class org.gradle.internal.classloader.DefaultClassLoaderFactory                       : loaded 2 times (x 82B)
Class kotlin.collections.AbstractList$Companion                                       : loaded 2 times (x 71B)
Class org.gradle.internal.classloader.ClassLoaderVisitor                              : loaded 2 times (x 76B)
Class org.gradle.api.internal.classpath.EffectiveClassPath                            : loaded 2 times (x 90B)
Class org.gradle.api.internal.DefaultClassPathProvider                                : loaded 2 times (x 76B)
Class [Lorg.gradle.api.internal.ClassPathProvider;                                    : loaded 2 times (x 69B)
Class org.gradle.api.internal.ClassPathProvider                                       : loaded 2 times (x 70B)
Class org.gradle.internal.service.UnknownServiceException                             : loaded 2 times (x 83B)
Class org.gradle.internal.classpath.TransformedClassPath                              : loaded 2 times (x 96B)
Class org.gradle.internal.classloader.InstrumentingClassLoader                        : loaded 2 times (x 70B)
Class com.google.common.collect.Iterators$ArrayItr                                    : loaded 2 times (x 97B)
Class kotlin.enums.EnumEntriesList                                                    : loaded 2 times (x 223B)
Class com.google.common.collect.UnmodifiableIterator                                  : loaded 2 times (x 80B)
Class org.gradle.internal.service.ServiceLocator                                      : loaded 2 times (x 70B)
Class com.google.common.collect.Iterators$SingletonIterator                           : loaded 2 times (x 81B)
Class com.google.common.collect.Iterators                                             : loaded 2 times (x 71B)
Class com.google.common.collect.Lists$StringAsImmutableList                           : loaded 2 times (x 207B)
Class org.gradle.internal.time.DefaultTimer                                           : loaded 2 times (x 80B)
Class org.gradle.internal.classloader.ClasspathUtil$1                                 : loaded 2 times (x 76B)
Class org.gradle.api.internal.classpath.DefaultModuleRegistry$DefaultModule           : loaded 2 times (x 86B)
Class com.google.common.collect.AbstractIterator                                      : loaded 2 times (x 82B)
Class com.google.common.collect.AbstractIndexedListIterator                           : loaded 2 times (x 96B)
Class org.gradle.internal.time.DefaultCountdownTimer                                  : loaded 2 times (x 88B)
Class org.gradle.api.internal.classpath.Module                                        : loaded 2 times (x 70B)
Class org.gradle.api.internal.classpath.UnknownModuleException                        : loaded 2 times (x 82B)
Class org.gradle.api.internal.DefaultClassPathRegistry                                : loaded 2 times (x 76B)
Class org.gradle.api.internal.ClassPathRegistry                                       : loaded 2 times (x 70B)
Class org.gradle.internal.classpath.DefaultClassPath$ImmutableUniqueList              : loaded 2 times (x 199B)
Class ijInit1_4n4pcujnv6t0n3go4b0s26osi                                               : loaded 2 times (x 171B)
Class org.gradle.internal.classpath.ClassPath                                         : loaded 2 times (x 70B)
Class org.gradle.internal.classloader.ClassLoaderHierarchy                            : loaded 2 times (x 70B)
Class sync_studio_tooling1086_7n4y9rhol2rb0xlrrwu4ou9js$_run_closure1                 : loaded 2 times (x 139B)
Class kotlin.UninitializedPropertyAccessException                                     : loaded 2 times (x 82B)
Class com.google.common.collect.Iterators$4                                           : loaded 2 times (x 82B)
Class org.gradle.api.internal.classpath.ModuleRegistry                                : loaded 2 times (x 70B)
Class org.gradle.internal.installation.GradleInstallation$1                           : loaded 2 times (x 75B)
Class com.google.common.collect.Iterators$5                                           : loaded 2 times (x 82B)
Class sync_studio_tooling1086_7n4y9rhol2rb0xlrrwu4ou9js                               : loaded 2 times (x 171B)
Class com.google.common.collect.ImmutableCollection                                   : loaded 2 times (x 125B)
Class org.gradle.api.internal.classpath.DefaultModuleRegistry                         : loaded 2 times (x 86B)
Class com.google.common.collect.Lists                                                 : loaded 2 times (x 71B)
Class com.google.common.collect.Iterators$9                                           : loaded 2 times (x 81B)
Class org.gradle.internal.time.MonotonicClock                                         : loaded 2 times (x 77B)
Class org.gradle.internal.service.ServiceLookupException                              : loaded 2 times (x 82B)
Class org.gradle.internal.classloader.ClassLoaderFactory                              : loaded 2 times (x 70B)
Class org.gradle.internal.service.CachingServiceLocator                               : loaded 2 times (x 82B)
Class org.gradle.internal.time.TimeSource                                             : loaded 2 times (x 70B)
Class kotlin.enums.EnumEntries                                                        : loaded 2 times (x 70B)
Class org.gradle.internal.exceptions.ResolutionProvider                               : loaded 2 times (x 70B)
Class org.gradle.internal.classloader.ClasspathUtil                                   : loaded 2 times (x 71B)
Class org.gradle.internal.time.TimeSource$1                                           : loaded 2 times (x 77B)
Class kotlin.jvm.internal.DefaultConstructorMarker                                    : loaded 2 times (x 71B)
Class org.gradle.api.specs.Spec                                                       : loaded 2 times (x 70B)
Class org.gradle.internal.time.Clock                                                  : loaded 2 times (x 70B)
Class kotlin.collections.AbstractList                                                 : loaded 2 times (x 197B)
Class kotlin.collections.AbstractCollection                                           : loaded 2 times (x 117B)
Class org.gradle.internal.classloader.VisitableURLClassLoader$InstrumentingVisitableURLClassLoader: loaded 2 times (x 123B)
Class org.gradle.internal.classloader.VisitableURLClassLoader$Spec                    : loaded 2 times (x 74B)
Class org.gradle.internal.classpath.DefaultClassPath                                  : loaded 2 times (x 90B)
Class org.gradle.util.internal.DefaultGradleVersion                                   : loaded 2 times (x 82B)
Class org.gradle.internal.classloader.ClassLoaderSpec                                 : loaded 2 times (x 71B)
Class org.gradle.internal.classloader.VisitableURLClassLoader                         : loaded 2 times (x 117B)
Class org.gradle.internal.classloader.FilteringClassLoader                            : loaded 2 times (x 105B)
Class org.gradle.internal.Cast                                                        : loaded 2 times (x 71B)
Class org.gradle.internal.classpath.DefaultClassPath$ImmutableUniqueList$Builder      : loaded 2 times (x 75B)
Class com.google.common.collect.Iterators$1                                           : loaded 2 times (x 81B)
Class org.gradle.internal.exceptions.NonGradleCauseExceptionsHolder                   : loaded 2 times (x 70B)
Class ijInit1_4n4pcujnv6t0n3go4b0s26osi$_run_closure1                                 : loaded 2 times (x 140B)
Class kotlin.NotImplementedError                                                      : loaded 2 times (x 82B)
Class kotlin.enums.EnumEntriesKt                                                      : loaded 2 times (x 71B)
Class org.gradle.internal.classloader.SystemClassLoaderSpec                           : loaded 2 times (x 71B)
Class org.gradle.internal.exceptions.MultiCauseException                              : loaded 2 times (x 70B)
Class org.gradle.internal.time.CountdownTimer                                         : loaded 2 times (x 70B)
Class kotlin.jvm.internal.Intrinsics                                                  : loaded 2 times (x 71B)
Class org.gradle.tooling.model.ProjectModel                                           : loaded 2 times (x 70B)
Class kotlin.KotlinNullPointerException                                               : loaded 2 times (x 83B)
Class org.gradle.internal.exceptions.DefaultMultiCauseException                       : loaded 2 times (x 95B)
Class com.google.common.base.Preconditions                                            : loaded 2 times (x 71B)
Class com.google.common.collect.PeekingIterator                                       : loaded 2 times (x 70B)
Class org.gradle.internal.time.Time                                                   : loaded 2 times (x 71B)
Class org.gradle.api.internal.classpath.GlobalCacheRootsProvider                      : loaded 2 times (x 70B)
Class kotlin.NoWhenBranchMatchedException                                             : loaded 2 times (x 82B)
Class org.gradle.internal.time.Timer                                                  : loaded 2 times (x 70B)
Class kotlin.jvm.internal.markers.KMappedMarker                                       : loaded 2 times (x 70B)
Class org.gradle.internal.installation.CurrentGradleInstallationLocator               : loaded 2 times (x 71B)
Class com.google.common.collect.ImmutableList                                         : loaded 2 times (x 206B)
Class org.gradle.internal.service.DefaultServiceLocator                               : loaded 2 times (x 83B)
Class org.gradle.util.GradleVersion                                                   : loaded 2 times (x 81B)
Class org.gradle.internal.installation.CurrentGradleInstallation                      : loaded 2 times (x 73B)
Class org.gradle.util.internal.GUtil                                                  : loaded 2 times (x 71B)
Class com.google.common.collect.Iterators$MergingIterator                             : loaded 2 times (x 81B)
Class org.gradle.internal.installation.GradleInstallation                             : loaded 2 times (x 75B)

---------------  S Y S T E M  ---------------

OS:
 Windows 11 , 64 bit Build 26100 (10.0.26100.7920)
OS uptime: 1 days 10:32 hours
Hyper-V role detected

CPU: total 24 (initial active 24) (24 cores per cpu, 2 threads per core) family 25 model 33 stepping 0 microcode 0xa201030, cx8, cmov, fxsr, ht, mmx, 3dnowpref, sse, sse2, sse3, ssse3, sse4a, sse4.1, sse4.2, popcnt, lzcnt, tsc, tscinvbit, avx, avx2, aes, erms, clmul, bmi1, bmi2, adx, sha, fma, vzeroupper, clflush, clflushopt, hv, rdtscp, rdpid, fsrm, f16c, cet_ss
Processor Information for the first 24 processors :
  Max Mhz: 3701, Current Mhz: 3701, Mhz Limit: 3701

Memory: 4k page, system-wide physical 65444M (30480M free)
TotalPageFile size 130980M (AvailPageFile size 79644M)
current process WorkingSet (physical memory assigned to process): 612M, peak: 612M
current process commit charge ("private bytes"): 1620M, peak: 1620M

vm_info: OpenJDK 64-Bit Server VM (21.0.9+-14649483-b1163.86) for windows-amd64 JRE (21.0.9+-14649483-b1163.86), built on 2025-12-30T22:08:35Z by "builder" with MS VC++ 16.10 / 16.11 (VS2019)

END.
